******************************************************************************
                  TI ARM Linker PC v20.2.5                     
******************************************************************************
>> Linked Mon Dec 13 18:43:20 2021

OUTPUT FILE NAME:   <load_words_test.out>
ENTRY POINT SYMBOL: "_c_int00_noargs"  address: 00001829


MEMORY CONFIGURATION

         name            origin    length      used     unused   attr    fill
----------------------  --------  ---------  --------  --------  ----  --------
  MAIN                  00000000   00040000  00001b12  0003e4ee  R  X
  INFO                  00200000   00004000  00000000  00004000  R  X
  SRAM_CODE             01000000   00010000  0000c115  00003eeb  RW X
  SRAM_DATA             20000000   00010000  0000c115  00003eeb  RW  


SEGMENT ALLOCATION MAP

run origin  load origin   length   init length attrs members
----------  ----------- ---------- ----------- ----- -------
00000000    00000000    00001b18   00001b18    r-x
  00000000    00000000    000000e4   000000e4    r-- .intvecs
  000000e4    000000e4    00001872   00001872    r-x .text
  00001958    00001958    0000012c   0000012c    r-- .const
  00001a88    00001a88    00000090   00000090    r-- .cinit
20000000    20000000    0000bf18   00000000    rw-
  20000000    20000000    0000be19   00000000    rw- .bss
  2000be1c    2000be1c    000000fc   00000000    rw- .data
2000fe00    2000fe00    00000200   00000000    rw-
  2000fe00    2000fe00    00000200   00000000    rw- .stack


SECTION ALLOCATION MAP

 output                                  attributes/
section   page    origin      length       input sections
--------  ----  ----------  ----------   ----------------
.intvecs   0    00000000    000000e4     
                  00000000    000000e4     startup_msp432p401r_ccs.obj (.intvecs:retain)

.text      0    000000e4    00001872     
                  000000e4    0000027c     main.obj (.text:readFromBuffer)
                  00000360    0000025c     main.obj (.text:processItem)
                  000005bc    000001ec     msp432p4xx_driverlib.lib : flash.o (.text:_FlashCtl_ProgramBurst)
                  000007a8    00000162                              : flash.o (.text:FlashCtl_programMemory)
                  0000090a    00000002     startup_msp432p401r_ccs.obj (.text:Default_Handler)
                  0000090c    00000134     msp432p4xx_driverlib.lib : flash.o (.text:__FlashCtl_remaskBurstDataPre)
                  00000a40    00000130                              : flash.o (.text:__FlashCtl_remaskBurstDataPost)
                  00000b70    0000011c                              : uart.o (.text:UART_initModule)
                  00000c8c    000000d8                              : flash.o (.text:__FlashCtl_remaskData32Pre)
                  00000d64    000000d4                              : flash.o (.text:__FlashCtl_remaskData32Post)
                  00000e38    000000c8                              : flash.o (.text:_FlashCtl_Program8)
                  00000f00    000000bc                              : flash.o (.text:_FlashCtl_Program32)
                  00000fbc    0000009c     rtsv7M4_T_le_v4SPD16_eabi.lib : memcpy_t2.asm.obj (.text)
                  00001058    0000008c     msp432p4xx_driverlib.lib : flash.o (.text:__FlashCtl_remaskData8Pre)
                  000010e4    00000088     main.obj (.text:main)
                  0000116c    00000084     msp432p4xx_driverlib.lib : flash.o (.text:__FlashCtl_remaskData8Post)
                  000011f0    00000080                              : sysctl.o (.text:SysCtl_getTLVInfo)
                  00001270    0000007a     rtsv7M4_T_le_v4SPD16_eabi.lib : memset_t2.asm.obj (.text)
                  000012ea    00000002     --HOLE-- [fill = 0]
                  000012ec    00000078     msp432p4xx_driverlib.lib : flash.o (.text:FlashCtl_isSectorProtected)
                  00001364    00000078                              : flash.o (.text:FlashCtl_setReadMode)
                  000013dc    00000078                              : flash.o (.text:FlashCtl_unprotectSector)
                  00001454    00000078     system_msp432p401r.obj (.text:SystemInit)
                  000014cc    00000068     rtsv7M4_T_le_v4SPD16_eabi.lib : copy_decompress_lzss.c.obj (.text:decompress:lzss:__TI_decompress_lzss)
                  00001534    00000064     msp432p4xx_driverlib.lib : uart.o (.text:UART_getEnabledInterruptStatus)
                  00001598    0000004c                              : flash.o (.text:FlashCtl_clearProgramVerification)
                  000015e4    0000004c                              : flash.o (.text:FlashCtl_setProgramVerification)
                  00001630    0000004c     rtsv7M4_T_le_v4SPD16_eabi.lib : atoi.c.obj (.text:atoi)
                  0000167c    00000048     msp432p4xx_driverlib.lib : flash.o (.text:FlashCtl_setWaitState)
                  000016c4    00000044     main.obj (.text:EUSCIA0_IRQHandler)
                  00001708    00000044     rtsv7M4_T_le_v4SPD16_eabi.lib : autoinit.c.obj (.text:__TI_auto_init_nobinit_nopinit:__TI_auto_init_nobinit_nopinit)
                  0000174c    00000038     msp432p4xx_driverlib.lib : flash.o (.text:FlashCtl_enableWordProgramming)
                  00001784    00000038                              : flash.o (.text:FlashCtl_getReadMode)
                  000017bc    00000038                              : flash.o (.text:FlashCtl_getWaitState)
                  000017f4    00000034                              : cs.o (.text:CS_setDCOCenteredFrequency)
                  00001828    00000034     rtsv7M4_T_le_v4SPD16_eabi.lib : boot_cortex_m.c.obj (.text:_c_int00_noargs:_c_int00_noargs)
                  0000185c    0000001c     msp432p4xx_driverlib.lib : flash.o (.text:FlashCtl_initiateMassErase)
                  00001878    0000001c     main.obj (.text:writeToBuffer)
                  00001894    00000018     msp432p4xx_driverlib.lib : uart.o (.text:UART_getInterruptStatus)
                  000018ac    00000014     rtsv7M4_T_le_v4SPD16_eabi.lib : strcpy.c.obj (.text:strcpy)
                  000018c0    00000010     msp432p4xx_driverlib.lib : interrupt.o (.text:Interrupt_disableMaster)
                  000018d0    00000010                              : interrupt.o (.text:Interrupt_enableMaster)
                  000018e0    0000000e     rtsv7M4_T_le_v4SPD16_eabi.lib : copy_decompress_none.c.obj (.text:decompress:none:__TI_decompress_none)
                  000018ee    0000000c     msp432p4xx_driverlib.lib : cpu.o (.text:CPU_cpsid)
                  000018fa    0000000c                              : cpu.o (.text:CPU_cpsie)
                  00001906    00000002     --HOLE-- [fill = 0]
                  00001908    0000000c                              : flash.o (.text:FlashCtl_disableWordProgramming)
                  00001914    0000000c                              : flash.o (.text:FlashCtl_getInterruptStatus)
                  00001920    0000000c     startup_msp432p401r_ccs.obj (.text:Reset_Handler)
                  0000192c    0000000c     msp432p4xx_driverlib.lib : sysctl.o (.text:SysCtl_getFlashSize)
                  00001938    0000000c     rtsv7M4_T_le_v4SPD16_eabi.lib : copy_zero_init.c.obj (.text:decompress:ZI:__TI_zero_init)
                  00001944    0000000a     msp432p4xx_driverlib.lib : cpu.o (.text:CPU_primask)
                  0000194e    00000004     rtsv7M4_T_le_v4SPD16_eabi.lib : pre_init.c.obj (.text:_system_pre_init)
                  00001952    00000004                                   : exit.c.obj (.text:abort:abort)

.const     0    00001958    0000012c     
                  00001958    00000101     rtsv7M4_T_le_v4SPD16_eabi.lib : ctype.c.obj (.const:.string:_ctypes_)
                  00001a59    00000003     --HOLE-- [fill = 0]
                  00001a5c    00000028     main.obj (.const:uartConfig)

.cinit     0    00001a88    00000090     
                  00001a88    00000067     (.cinit..data.load) [load image, compression = lzss]
                  00001aef    00000001     --HOLE-- [fill = 0]
                  00001af0    0000000c     (__TI_handler_table)
                  00001afc    00000004     --HOLE-- [fill = 0]
                  00001b00    00000008     (.cinit..bss.load) [load image, compression = zero_init]
                  00001b08    00000010     (__TI_cinit_table)

.init_array 
*          0    00000000    00000000     UNINITIALIZED

.binit     0    00000000    00000000     

.bss       0    20000000    0000be19     UNINITIALIZED
                  20000000    00007d00     (.common:imageArray)
                  20007d00    00001f40     (.common:data)
                  20009c40    00001f40     (.common:image)
                  2000bb80    00000280     (.common:dictionary)
                  2000be00    00000008     (.common:word)
                  2000be08    00000004     (.common:imageHeightTemp)
                  2000be0c    00000004     (.common:imageSizeTemp)
                  2000be10    00000004     (.common:imageType)
                  2000be14    00000004     (.common:imageWidthTemp)
                  2000be18    00000001     (.common:base)

.data      0    2000be1c    000000fc     UNINITIALIZED
                  2000be1c    00000080     main.obj (.data:sector_array)
                  2000be9c    00000040     msp432p4xx_driverlib.lib : flash.o (.data:__getBurstProgramRegs)
                  2000bedc    0000003c     main.obj (.data)

.stack     0    2000fe00    00000200     UNINITIALIZED
                  2000fe00    00000004     rtsv7M4_T_le_v4SPD16_eabi.lib : boot_cortex_m.c.obj (.stack)
                  2000fe04    000001fc     --HOLE--

__llvm_prf_cnts 
*          0    20000000    00000000     UNINITIALIZED

MODULE SUMMARY

       Module                        code   ro data   rw data
       ------                        ----   -------   -------
    .\
       main.obj                      1472   40        97706  
       system_msp432p401r.obj        120    0         0      
    +--+-----------------------------+------+---------+---------+
       Total:                        1592   40        97706  
                                                             
    .\ccs\
       startup_msp432p401r_ccs.obj   14     228       0      
    +--+-----------------------------+------+---------+---------+
       Total:                        14     228       0      
                                                             
    C:/ti/simplelink_msp432p4_sdk_3_40_01_02/source/ti/devices/msp432p4xx/driverlib/ccs/msp432p4xx_driverlib.lib
       flash.o                       3350   0         128    
       uart.o                        408    0         0      
       sysctl.o                      140    0         0      
       cs.o                          52     0         0      
       cpu.o                         34     0         0      
       interrupt.o                   32     0         0      
    +--+-----------------------------+------+---------+---------+
       Total:                        4016   0         128    
                                                             
    C:\ti\ccs1100\ccs\tools\compiler\ti-cgt-arm_20.2.5.LTS\lib\rtsv7M4_T_le_v4SPD16_eabi.lib
       ctype.c.obj                   0      257       0      
       memcpy_t2.asm.obj             156    0         0      
       memset_t2.asm.obj             122    0         0      
       copy_decompress_lzss.c.obj    104    0         0      
       atoi.c.obj                    76     0         0      
       autoinit.c.obj                68     0         0      
       boot_cortex_m.c.obj           52     0         0      
       strcpy.c.obj                  20     0         0      
       copy_decompress_none.c.obj    14     0         0      
       copy_zero_init.c.obj          12     0         0      
       exit.c.obj                    4      0         0      
       pre_init.c.obj                4      0         0      
    +--+-----------------------------+------+---------+---------+
       Total:                        632    257       0      
                                                             
       Stack:                        0      0         1024   
       Linker Generated:             0      139       0      
    +--+-----------------------------+------+---------+---------+
       Grand Total:                  6254   664       98858  


LINKER GENERATED COPY TABLES

__TI_cinit_table @ 00001b08 records: 2, size/record: 8, table size: 16
	.data: load addr=00001a88, load size=00000067 bytes, run addr=2000be1c, run size=000000fc bytes, compression=lzss
	.bss: load addr=00001b00, load size=00000008 bytes, run addr=20000000, run size=0000be19 bytes, compression=zero_init


LINKER GENERATED HANDLER TABLE

__TI_handler_table @ 00001af0 records: 3, size/record: 4, table size: 12
	index: 0, handler: __TI_decompress_lzss
	index: 1, handler: __TI_decompress_none
	index: 2, handler: __TI_zero_init


GLOBAL SYMBOLS: SORTED ALPHABETICALLY BY Name 

address   name                             
-------   ----                             
0000090b  ADC14_IRQHandler                 
0000090b  AES256_IRQHandler                
0000090b  BusFault_Handler                 
00001953  C$$EXIT                          
0000090b  COMP_E0_IRQHandler               
0000090b  COMP_E1_IRQHandler               
000018ef  CPU_cpsid                        
000018fb  CPU_cpsie                        
00001945  CPU_primask                      
0000090b  CS_IRQHandler                    
000017f5  CS_setDCOCenteredFrequency       
0000090b  DMA_ERR_IRQHandler               
0000090b  DMA_INT0_IRQHandler              
0000090b  DMA_INT1_IRQHandler              
0000090b  DMA_INT2_IRQHandler              
0000090b  DMA_INT3_IRQHandler              
0000090b  DebugMon_Handler                 
0000090b  Default_Handler                  
000016c5  EUSCIA0_IRQHandler               
000016c5  EUSCIA0_IRQHandler               
0000090b  EUSCIA1_IRQHandler               
0000090b  EUSCIA2_IRQHandler               
0000090b  EUSCIA3_IRQHandler               
0000090b  EUSCIB0_IRQHandler               
0000090b  EUSCIB1_IRQHandler               
0000090b  EUSCIB2_IRQHandler               
0000090b  EUSCIB3_IRQHandler               
0000090b  FLCTL_IRQHandler                 
0000090b  FPU_IRQHandler                   
00001599  FlashCtl_clearProgramVerification
00001909  FlashCtl_disableWordProgramming  
0000174d  FlashCtl_enableWordProgramming   
00001915  FlashCtl_getInterruptStatus      
00001785  FlashCtl_getReadMode             
000017bd  FlashCtl_getWaitState            
0000185d  FlashCtl_initiateMassErase       
000012ed  FlashCtl_isSectorProtected       
000007a9  FlashCtl_programMemory           
000015e5  FlashCtl_setProgramVerification  
00001365  FlashCtl_setReadMode             
0000167d  FlashCtl_setWaitState            
000013dd  FlashCtl_unprotectSector         
0000090b  HardFault_Handler                
000018c1  Interrupt_disableMaster          
000018d1  Interrupt_enableMaster           
0000090b  MemManage_Handler                
0000090b  NMI_Handler                      
0000090b  PCM_IRQHandler                   
0000090b  PORT1_IRQHandler                 
0000090b  PORT2_IRQHandler                 
0000090b  PORT3_IRQHandler                 
0000090b  PORT4_IRQHandler                 
0000090b  PORT5_IRQHandler                 
0000090b  PORT6_IRQHandler                 
0000090b  PSS_IRQHandler                   
0000090b  PendSV_Handler                   
0000090b  RTC_C_IRQHandler                 
00001921  Reset_Handler                    
0000090b  SVC_Handler                      
0000192d  SysCtl_getFlashSize              
000011f1  SysCtl_getTLVInfo                
0000090b  SysTick_Handler                  
00001455  SystemInit                       
0000090b  T32_INT1_IRQHandler              
0000090b  T32_INT2_IRQHandler              
0000090b  T32_INTC_IRQHandler              
0000090b  TA0_0_IRQHandler                 
0000090b  TA0_N_IRQHandler                 
0000090b  TA1_0_IRQHandler                 
0000090b  TA1_N_IRQHandler                 
0000090b  TA2_0_IRQHandler                 
0000090b  TA2_N_IRQHandler                 
0000090b  TA3_0_IRQHandler                 
0000090b  TA3_N_IRQHandler                 
00001535  UART_getEnabledInterruptStatus   
00001895  UART_getInterruptStatus          
00000b71  UART_initModule                  
0000090b  UsageFault_Handler               
4000480c  WDTCTL_SYM                       
0000090b  WDT_A_IRQHandler                 
00000a41  __FlashCtl_remaskBurstDataPost   
0000090d  __FlashCtl_remaskBurstDataPre    
00000d65  __FlashCtl_remaskData32Post      
00000c8d  __FlashCtl_remaskData32Pre       
0000116d  __FlashCtl_remaskData8Post       
00001059  __FlashCtl_remaskData8Pre        
20010000  __STACK_END                      
00000200  __STACK_SIZE                     
00001b08  __TI_CINIT_Base                  
00001b18  __TI_CINIT_Limit                 
00001af0  __TI_Handler_Table_Base          
00001afc  __TI_Handler_Table_Limit         
00001709  __TI_auto_init_nobinit_nopinit   
000014cd  __TI_decompress_lzss             
000018e1  __TI_decompress_none             
ffffffff  __TI_pprof_out_hndl              
ffffffff  __TI_prof_data_size              
ffffffff  __TI_prof_data_start             
00000000  __TI_static_base__               
00001939  __TI_zero_init                   
00001271  __aeabi_memclr                   
00001271  __aeabi_memclr4                  
00001271  __aeabi_memclr8                  
00000fbd  __aeabi_memcpy                   
00000fbd  __aeabi_memcpy4                  
00000fbd  __aeabi_memcpy8                  
00001273  __aeabi_memset                   
00001273  __aeabi_memset4                  
00001273  __aeabi_memset8                  
ffffffff  __binit__                        
ffffffff  __c_args__                       
UNDEFED   __mpu_init                       
2000fe00  __stack                          
20000000  __start___llvm_prf_cnts          
20000000  __stop___llvm_prf_cnts           
00001829  _c_int00_noargs                  
00001958  _ctypes_                         
UNDEFED   _system_post_cinit               
0000194f  _system_pre_init                 
00001953  abort                            
00001631  atoi                             
2000be18  base                             
ffffffff  binit                            
2000beec  contentFlag                      
20007d00  data                             
2000bedc  dest                             
2000bb80  dictionary                       
2000bee0  dictionaryIndex                  
2000bee4  head                             
20009c40  image                            
20000000  imageArray                       
2000bf14  imageArrayIndex                  
2000bf10  imageHeight                      
2000be08  imageHeightTemp                  
2000bf0c  imageHeightTempIndex             
2000bef4  imageIndex                       
2000bf00  imageSize                        
2000be0c  imageSizeTemp                    
2000befc  imageSizeTempIndex               
2000be10  imageType                        
2000bef8  imageTypeIndex                   
2000bf08  imageWidth                       
2000be14  imageWidthTemp                   
2000bf04  imageWidthTempIndex              
00000000  interruptVectors                 
000010e5  main                             
00000fbd  memcpy                           
00001279  memset                           
00000361  processItem                      
000000e5  readFromBuffer                   
2000be1c  sector_array                     
000018ad  strcpy                           
2000bee8  tail                             
00001a5c  uartConfig                       
2000be00  word                             
2000bef0  wordIndex                        
00001879  writeToBuffer                    


GLOBAL SYMBOLS: SORTED BY Symbol Address 

address   name                             
-------   ----                             
00000000  __TI_static_base__               
00000000  interruptVectors                 
000000e5  readFromBuffer                   
00000200  __STACK_SIZE                     
00000361  processItem                      
000007a9  FlashCtl_programMemory           
0000090b  ADC14_IRQHandler                 
0000090b  AES256_IRQHandler                
0000090b  BusFault_Handler                 
0000090b  COMP_E0_IRQHandler               
0000090b  COMP_E1_IRQHandler               
0000090b  CS_IRQHandler                    
0000090b  DMA_ERR_IRQHandler               
0000090b  DMA_INT0_IRQHandler              
0000090b  DMA_INT1_IRQHandler              
0000090b  DMA_INT2_IRQHandler              
0000090b  DMA_INT3_IRQHandler              
0000090b  DebugMon_Handler                 
0000090b  Default_Handler                  
0000090b  EUSCIA1_IRQHandler               
0000090b  EUSCIA2_IRQHandler               
0000090b  EUSCIA3_IRQHandler               
0000090b  EUSCIB0_IRQHandler               
0000090b  EUSCIB1_IRQHandler               
0000090b  EUSCIB2_IRQHandler               
0000090b  EUSCIB3_IRQHandler               
0000090b  FLCTL_IRQHandler                 
0000090b  FPU_IRQHandler                   
0000090b  HardFault_Handler                
0000090b  MemManage_Handler                
0000090b  NMI_Handler                      
0000090b  PCM_IRQHandler                   
0000090b  PORT1_IRQHandler                 
0000090b  PORT2_IRQHandler                 
0000090b  PORT3_IRQHandler                 
0000090b  PORT4_IRQHandler                 
0000090b  PORT5_IRQHandler                 
0000090b  PORT6_IRQHandler                 
0000090b  PSS_IRQHandler                   
0000090b  PendSV_Handler                   
0000090b  RTC_C_IRQHandler                 
0000090b  SVC_Handler                      
0000090b  SysTick_Handler                  
0000090b  T32_INT1_IRQHandler              
0000090b  T32_INT2_IRQHandler              
0000090b  T32_INTC_IRQHandler              
0000090b  TA0_0_IRQHandler                 
0000090b  TA0_N_IRQHandler                 
0000090b  TA1_0_IRQHandler                 
0000090b  TA1_N_IRQHandler                 
0000090b  TA2_0_IRQHandler                 
0000090b  TA2_N_IRQHandler                 
0000090b  TA3_0_IRQHandler                 
0000090b  TA3_N_IRQHandler                 
0000090b  UsageFault_Handler               
0000090b  WDT_A_IRQHandler                 
0000090d  __FlashCtl_remaskBurstDataPre    
00000a41  __FlashCtl_remaskBurstDataPost   
00000b71  UART_initModule                  
00000c8d  __FlashCtl_remaskData32Pre       
00000d65  __FlashCtl_remaskData32Post      
00000fbd  __aeabi_memcpy                   
00000fbd  __aeabi_memcpy4                  
00000fbd  __aeabi_memcpy8                  
00000fbd  memcpy                           
00001059  __FlashCtl_remaskData8Pre        
000010e5  main                             
0000116d  __FlashCtl_remaskData8Post       
000011f1  SysCtl_getTLVInfo                
00001271  __aeabi_memclr                   
00001271  __aeabi_memclr4                  
00001271  __aeabi_memclr8                  
00001273  __aeabi_memset                   
00001273  __aeabi_memset4                  
00001273  __aeabi_memset8                  
00001279  memset                           
000012ed  FlashCtl_isSectorProtected       
00001365  FlashCtl_setReadMode             
000013dd  FlashCtl_unprotectSector         
00001455  SystemInit                       
000014cd  __TI_decompress_lzss             
00001535  UART_getEnabledInterruptStatus   
00001599  FlashCtl_clearProgramVerification
000015e5  FlashCtl_setProgramVerification  
00001631  atoi                             
0000167d  FlashCtl_setWaitState            
000016c5  EUSCIA0_IRQHandler               
000016c5  EUSCIA0_IRQHandler               
00001709  __TI_auto_init_nobinit_nopinit   
0000174d  FlashCtl_enableWordProgramming   
00001785  FlashCtl_getReadMode             
000017bd  FlashCtl_getWaitState            
000017f5  CS_setDCOCenteredFrequency       
00001829  _c_int00_noargs                  
0000185d  FlashCtl_initiateMassErase       
00001879  writeToBuffer                    
00001895  UART_getInterruptStatus          
000018ad  strcpy                           
000018c1  Interrupt_disableMaster          
000018d1  Interrupt_enableMaster           
000018e1  __TI_decompress_none             
000018ef  CPU_cpsid                        
000018fb  CPU_cpsie                        
00001909  FlashCtl_disableWordProgramming  
00001915  FlashCtl_getInterruptStatus      
00001921  Reset_Handler                    
0000192d  SysCtl_getFlashSize              
00001939  __TI_zero_init                   
00001945  CPU_primask                      
0000194f  _system_pre_init                 
00001953  C$$EXIT                          
00001953  abort                            
00001958  _ctypes_                         
00001a5c  uartConfig                       
00001af0  __TI_Handler_Table_Base          
00001afc  __TI_Handler_Table_Limit         
00001b08  __TI_CINIT_Base                  
00001b18  __TI_CINIT_Limit                 
20000000  __start___llvm_prf_cnts          
20000000  __stop___llvm_prf_cnts           
20000000  imageArray                       
20007d00  data                             
20009c40  image                            
2000bb80  dictionary                       
2000be00  word                             
2000be08  imageHeightTemp                  
2000be0c  imageSizeTemp                    
2000be10  imageType                        
2000be14  imageWidthTemp                   
2000be18  base                             
2000be1c  sector_array                     
2000bedc  dest                             
2000bee0  dictionaryIndex                  
2000bee4  head                             
2000bee8  tail                             
2000beec  contentFlag                      
2000bef0  wordIndex                        
2000bef4  imageIndex                       
2000bef8  imageTypeIndex                   
2000befc  imageSizeTempIndex               
2000bf00  imageSize                        
2000bf04  imageWidthTempIndex              
2000bf08  imageWidth                       
2000bf0c  imageHeightTempIndex             
2000bf10  imageHeight                      
2000bf14  imageArrayIndex                  
2000fe00  __stack                          
20010000  __STACK_END                      
4000480c  WDTCTL_SYM                       
ffffffff  __TI_pprof_out_hndl              
ffffffff  __TI_prof_data_size              
ffffffff  __TI_prof_data_start             
ffffffff  __binit__                        
ffffffff  __c_args__                       
ffffffff  binit                            
UNDEFED   __mpu_init                       
UNDEFED   _system_post_cinit               

[157 symbols]
