******************************************************************************
                  TI ARM Linker PC v20.2.5                     
******************************************************************************
>> Linked Sun Dec 12 01:25:14 2021

OUTPUT FILE NAME:   <load_words_test.out>
ENTRY POINT SYMBOL: "_c_int00_noargs"  address: 000016fd


MEMORY CONFIGURATION

         name            origin    length      used     unused   attr    fill
----------------------  --------  ---------  --------  --------  ----  --------
  MAIN                  00000000   00040000  000019aa  0003e656  R  X
  INFO                  00200000   00004000  00000000  00004000  R  X
  SRAM_CODE             01000000   00010000  0000c091  00003f6f  RW X
  SRAM_DATA             20000000   00010000  0000c091  00003f6f  RW  


SEGMENT ALLOCATION MAP

run origin  load origin   length   init length attrs members
----------  ----------- ---------- ----------- ----- -------
00000000    00000000    000019b0   000019b0    r-x
  00000000    00000000    000000e4   000000e4    r-- .intvecs
  000000e4    000000e4    0000172a   0000172a    r-x .text
  00001810    00001810    0000012c   0000012c    r-- .const
  00001940    00001940    00000070   00000070    r-- .cinit
20000000    20000000    0000be94   00000000    rw-
  20000000    20000000    0000be19   00000000    rw- .bss
  2000be1c    2000be1c    00000078   00000000    rw- .data
2000fe00    2000fe00    00000200   00000000    rw-
  2000fe00    2000fe00    00000200   00000000    rw- .stack


SECTION ALLOCATION MAP

 output                                  attributes/
section   page    origin      length       input sections
--------  ----  ----------  ----------   ----------------
.intvecs   0    00000000    000000e4     
                  00000000    000000e4     startup_msp432p401r_ccs.obj (.intvecs:retain)

.text      0    000000e4    0000172a     
                  000000e4    0000027c     main.obj (.text:readFromBuffer)
                  00000360    00000220     main.obj (.text:processItem)
                  00000580    000001ec     msp432p4xx_driverlib.lib : flash.o (.text:_FlashCtl_ProgramBurst)
                  0000076c    00000162                              : flash.o (.text:FlashCtl_programMemory)
                  000008ce    00000002     startup_msp432p401r_ccs.obj (.text:Default_Handler)
                  000008d0    00000134     msp432p4xx_driverlib.lib : flash.o (.text:__FlashCtl_remaskBurstDataPre)
                  00000a04    00000130                              : flash.o (.text:__FlashCtl_remaskBurstDataPost)
                  00000b34    0000011c                              : uart.o (.text:UART_initModule)
                  00000c50    000000d8                              : flash.o (.text:__FlashCtl_remaskData32Pre)
                  00000d28    000000d4                              : flash.o (.text:__FlashCtl_remaskData32Post)
                  00000dfc    000000c8                              : flash.o (.text:_FlashCtl_Program8)
                  00000ec4    000000bc                              : flash.o (.text:_FlashCtl_Program32)
                  00000f80    0000009c     rtsv7M4_T_le_v4SPD16_eabi.lib : memcpy_t2.asm.obj (.text)
                  0000101c    0000008c     msp432p4xx_driverlib.lib : flash.o (.text:__FlashCtl_remaskData8Pre)
                  000010a8    00000088     main.obj (.text:main)
                  00001130    00000084     msp432p4xx_driverlib.lib : flash.o (.text:__FlashCtl_remaskData8Post)
                  000011b4    00000080                              : sysctl.o (.text:SysCtl_getTLVInfo)
                  00001234    0000007a     rtsv7M4_T_le_v4SPD16_eabi.lib : memset_t2.asm.obj (.text)
                  000012ae    00000002     --HOLE-- [fill = 0]
                  000012b0    00000078     msp432p4xx_driverlib.lib : flash.o (.text:FlashCtl_setReadMode)
                  00001328    00000078     system_msp432p401r.obj (.text:SystemInit)
                  000013a0    00000068     rtsv7M4_T_le_v4SPD16_eabi.lib : copy_decompress_lzss.c.obj (.text:decompress:lzss:__TI_decompress_lzss)
                  00001408    00000064     msp432p4xx_driverlib.lib : uart.o (.text:UART_getEnabledInterruptStatus)
                  0000146c    0000004c                              : flash.o (.text:FlashCtl_clearProgramVerification)
                  000014b8    0000004c                              : flash.o (.text:FlashCtl_setProgramVerification)
                  00001504    0000004c     rtsv7M4_T_le_v4SPD16_eabi.lib : atoi.c.obj (.text:atoi)
                  00001550    00000048     msp432p4xx_driverlib.lib : flash.o (.text:FlashCtl_setWaitState)
                  00001598    00000044     main.obj (.text:EUSCIA0_IRQHandler)
                  000015dc    00000044     rtsv7M4_T_le_v4SPD16_eabi.lib : autoinit.c.obj (.text:__TI_auto_init_nobinit_nopinit:__TI_auto_init_nobinit_nopinit)
                  00001620    00000038     msp432p4xx_driverlib.lib : flash.o (.text:FlashCtl_enableWordProgramming)
                  00001658    00000038                              : flash.o (.text:FlashCtl_getReadMode)
                  00001690    00000038                              : flash.o (.text:FlashCtl_getWaitState)
                  000016c8    00000034                              : cs.o (.text:CS_setDCOCenteredFrequency)
                  000016fc    00000034     rtsv7M4_T_le_v4SPD16_eabi.lib : boot_cortex_m.c.obj (.text:_c_int00_noargs:_c_int00_noargs)
                  00001730    0000001c     main.obj (.text:writeToBuffer)
                  0000174c    00000018     msp432p4xx_driverlib.lib : uart.o (.text:UART_getInterruptStatus)
                  00001764    00000014     rtsv7M4_T_le_v4SPD16_eabi.lib : strcpy.c.obj (.text:strcpy)
                  00001778    00000010     msp432p4xx_driverlib.lib : interrupt.o (.text:Interrupt_disableMaster)
                  00001788    00000010                              : interrupt.o (.text:Interrupt_enableMaster)
                  00001798    0000000e     rtsv7M4_T_le_v4SPD16_eabi.lib : copy_decompress_none.c.obj (.text:decompress:none:__TI_decompress_none)
                  000017a6    0000000c     msp432p4xx_driverlib.lib : cpu.o (.text:CPU_cpsid)
                  000017b2    0000000c                              : cpu.o (.text:CPU_cpsie)
                  000017be    00000002     --HOLE-- [fill = 0]
                  000017c0    0000000c                              : flash.o (.text:FlashCtl_disableWordProgramming)
                  000017cc    0000000c                              : flash.o (.text:FlashCtl_getInterruptStatus)
                  000017d8    0000000c     startup_msp432p401r_ccs.obj (.text:Reset_Handler)
                  000017e4    0000000c     msp432p4xx_driverlib.lib : sysctl.o (.text:SysCtl_getFlashSize)
                  000017f0    0000000c     rtsv7M4_T_le_v4SPD16_eabi.lib : copy_zero_init.c.obj (.text:decompress:ZI:__TI_zero_init)
                  000017fc    0000000a     msp432p4xx_driverlib.lib : cpu.o (.text:CPU_primask)
                  00001806    00000004     rtsv7M4_T_le_v4SPD16_eabi.lib : pre_init.c.obj (.text:_system_pre_init)
                  0000180a    00000004                                   : exit.c.obj (.text:abort:abort)

.const     0    00001810    0000012c     
                  00001810    00000101     rtsv7M4_T_le_v4SPD16_eabi.lib : ctype.c.obj (.const:.string:_ctypes_)
                  00001911    00000003     --HOLE-- [fill = 0]
                  00001914    00000028     main.obj (.const:uartConfig)

.cinit     0    00001940    00000070     
                  00001940    00000046     (.cinit..data.load) [load image, compression = lzss]
                  00001986    00000002     --HOLE-- [fill = 0]
                  00001988    0000000c     (__TI_handler_table)
                  00001994    00000004     --HOLE-- [fill = 0]
                  00001998    00000008     (.cinit..bss.load) [load image, compression = zero_init]
                  000019a0    00000010     (__TI_cinit_table)

.init_array 
*          0    00000000    00000000     UNINITIALIZED

.binit     0    00000000    00000000     

.bss       0    20000000    0000be19     UNINITIALIZED
                  20000000    00007d00     (.common:imageArray)
                  20007d00    00001f40     (.common:data)
                  20009c40    00001f40     (.common:image)
                  2000bb80    00000280     (.common:dictionary)
                  2000be00    00000008     (.common:word)
                  2000be08    00000004     (.common:imageHeightTemp)
                  2000be0c    00000004     (.common:imageSizeTemp)
                  2000be10    00000004     (.common:imageType)
                  2000be14    00000004     (.common:imageWidthTemp)
                  2000be18    00000001     (.common:base)

.data      0    2000be1c    00000078     UNINITIALIZED
                  2000be1c    00000040     msp432p4xx_driverlib.lib : flash.o (.data:__getBurstProgramRegs)
                  2000be5c    00000038     main.obj (.data)

.stack     0    2000fe00    00000200     UNINITIALIZED
                  2000fe00    00000004     rtsv7M4_T_le_v4SPD16_eabi.lib : boot_cortex_m.c.obj (.stack)
                  2000fe04    000001fc     --HOLE--

__llvm_prf_cnts 
*          0    20000000    00000000     UNINITIALIZED

MODULE SUMMARY

       Module                        code   ro data   rw data
       ------                        ----   -------   -------
    .\
       main.obj                      1412   40        97442  
       system_msp432p401r.obj        120    0         0      
    +--+-----------------------------+------+---------+---------+
       Total:                        1532   40        97442  
                                                             
    .\ccs\
       startup_msp432p401r_ccs.obj   14     228       0      
    +--+-----------------------------+------+---------+---------+
       Total:                        14     228       0      
                                                             
    C:/ti/simplelink_msp432p4_sdk_3_40_01_02/source/ti/devices/msp432p4xx/driverlib/ccs/msp432p4xx_driverlib.lib
       flash.o                       3082   0         128    
       uart.o                        408    0         0      
       sysctl.o                      140    0         0      
       cs.o                          52     0         0      
       cpu.o                         34     0         0      
       interrupt.o                   32     0         0      
    +--+-----------------------------+------+---------+---------+
       Total:                        3748   0         128    
                                                             
    C:\ti\ccs1100\ccs\tools\compiler\ti-cgt-arm_20.2.5.LTS\lib\rtsv7M4_T_le_v4SPD16_eabi.lib
       ctype.c.obj                   0      257       0      
       memcpy_t2.asm.obj             156    0         0      
       memset_t2.asm.obj             122    0         0      
       copy_decompress_lzss.c.obj    104    0         0      
       atoi.c.obj                    76     0         0      
       autoinit.c.obj                68     0         0      
       boot_cortex_m.c.obj           52     0         0      
       strcpy.c.obj                  20     0         0      
       copy_decompress_none.c.obj    14     0         0      
       copy_zero_init.c.obj          12     0         0      
       exit.c.obj                    4      0         0      
       pre_init.c.obj                4      0         0      
    +--+-----------------------------+------+---------+---------+
       Total:                        632    257       0      
                                                             
       Stack:                        0      0         1024   
       Linker Generated:             0      106       0      
    +--+-----------------------------+------+---------+---------+
       Grand Total:                  5926   631       98594  


LINKER GENERATED COPY TABLES

__TI_cinit_table @ 000019a0 records: 2, size/record: 8, table size: 16
	.data: load addr=00001940, load size=00000046 bytes, run addr=2000be1c, run size=00000078 bytes, compression=lzss
	.bss: load addr=00001998, load size=00000008 bytes, run addr=20000000, run size=0000be19 bytes, compression=zero_init


LINKER GENERATED HANDLER TABLE

__TI_handler_table @ 00001988 records: 3, size/record: 4, table size: 12
	index: 0, handler: __TI_decompress_lzss
	index: 1, handler: __TI_decompress_none
	index: 2, handler: __TI_zero_init


GLOBAL SYMBOLS: SORTED ALPHABETICALLY BY Name 

address   name                             
-------   ----                             
000008cf  ADC14_IRQHandler                 
000008cf  AES256_IRQHandler                
000008cf  BusFault_Handler                 
0000180b  C$$EXIT                          
000008cf  COMP_E0_IRQHandler               
000008cf  COMP_E1_IRQHandler               
000017a7  CPU_cpsid                        
000017b3  CPU_cpsie                        
000017fd  CPU_primask                      
000008cf  CS_IRQHandler                    
000016c9  CS_setDCOCenteredFrequency       
000008cf  DMA_ERR_IRQHandler               
000008cf  DMA_INT0_IRQHandler              
000008cf  DMA_INT1_IRQHandler              
000008cf  DMA_INT2_IRQHandler              
000008cf  DMA_INT3_IRQHandler              
000008cf  DebugMon_Handler                 
000008cf  Default_Handler                  
00001599  EUSCIA0_IRQHandler               
00001599  EUSCIA0_IRQHandler               
000008cf  EUSCIA1_IRQHandler               
000008cf  EUSCIA2_IRQHandler               
000008cf  EUSCIA3_IRQHandler               
000008cf  EUSCIB0_IRQHandler               
000008cf  EUSCIB1_IRQHandler               
000008cf  EUSCIB2_IRQHandler               
000008cf  EUSCIB3_IRQHandler               
000008cf  FLCTL_IRQHandler                 
000008cf  FPU_IRQHandler                   
0000146d  FlashCtl_clearProgramVerification
000017c1  FlashCtl_disableWordProgramming  
00001621  FlashCtl_enableWordProgramming   
000017cd  FlashCtl_getInterruptStatus      
00001659  FlashCtl_getReadMode             
00001691  FlashCtl_getWaitState            
0000076d  FlashCtl_programMemory           
000014b9  FlashCtl_setProgramVerification  
000012b1  FlashCtl_setReadMode             
00001551  FlashCtl_setWaitState            
000008cf  HardFault_Handler                
00001779  Interrupt_disableMaster          
00001789  Interrupt_enableMaster           
000008cf  MemManage_Handler                
000008cf  NMI_Handler                      
000008cf  PCM_IRQHandler                   
000008cf  PORT1_IRQHandler                 
000008cf  PORT2_IRQHandler                 
000008cf  PORT3_IRQHandler                 
000008cf  PORT4_IRQHandler                 
000008cf  PORT5_IRQHandler                 
000008cf  PORT6_IRQHandler                 
000008cf  PSS_IRQHandler                   
000008cf  PendSV_Handler                   
000008cf  RTC_C_IRQHandler                 
000017d9  Reset_Handler                    
000008cf  SVC_Handler                      
000017e5  SysCtl_getFlashSize              
000011b5  SysCtl_getTLVInfo                
000008cf  SysTick_Handler                  
00001329  SystemInit                       
000008cf  T32_INT1_IRQHandler              
000008cf  T32_INT2_IRQHandler              
000008cf  T32_INTC_IRQHandler              
000008cf  TA0_0_IRQHandler                 
000008cf  TA0_N_IRQHandler                 
000008cf  TA1_0_IRQHandler                 
000008cf  TA1_N_IRQHandler                 
000008cf  TA2_0_IRQHandler                 
000008cf  TA2_N_IRQHandler                 
000008cf  TA3_0_IRQHandler                 
000008cf  TA3_N_IRQHandler                 
00001409  UART_getEnabledInterruptStatus   
0000174d  UART_getInterruptStatus          
00000b35  UART_initModule                  
000008cf  UsageFault_Handler               
4000480c  WDTCTL_SYM                       
000008cf  WDT_A_IRQHandler                 
00000a05  __FlashCtl_remaskBurstDataPost   
000008d1  __FlashCtl_remaskBurstDataPre    
00000d29  __FlashCtl_remaskData32Post      
00000c51  __FlashCtl_remaskData32Pre       
00001131  __FlashCtl_remaskData8Post       
0000101d  __FlashCtl_remaskData8Pre        
20010000  __STACK_END                      
00000200  __STACK_SIZE                     
000019a0  __TI_CINIT_Base                  
000019b0  __TI_CINIT_Limit                 
00001988  __TI_Handler_Table_Base          
00001994  __TI_Handler_Table_Limit         
000015dd  __TI_auto_init_nobinit_nopinit   
000013a1  __TI_decompress_lzss             
00001799  __TI_decompress_none             
ffffffff  __TI_pprof_out_hndl              
ffffffff  __TI_prof_data_size              
ffffffff  __TI_prof_data_start             
00000000  __TI_static_base__               
000017f1  __TI_zero_init                   
00001235  __aeabi_memclr                   
00001235  __aeabi_memclr4                  
00001235  __aeabi_memclr8                  
00000f81  __aeabi_memcpy                   
00000f81  __aeabi_memcpy4                  
00000f81  __aeabi_memcpy8                  
00001237  __aeabi_memset                   
00001237  __aeabi_memset4                  
00001237  __aeabi_memset8                  
ffffffff  __binit__                        
ffffffff  __c_args__                       
UNDEFED   __mpu_init                       
2000fe00  __stack                          
20000000  __start___llvm_prf_cnts          
20000000  __stop___llvm_prf_cnts           
000016fd  _c_int00_noargs                  
00001810  _ctypes_                         
UNDEFED   _system_post_cinit               
00001807  _system_pre_init                 
0000180b  abort                            
00001505  atoi                             
2000be18  base                             
ffffffff  binit                            
2000be68  contentFlag                      
20007d00  data                             
2000bb80  dictionary                       
2000be5c  dictionaryIndex                  
2000be60  head                             
20009c40  image                            
20000000  imageArray                       
2000be90  imageArrayIndex                  
2000be8c  imageHeight                      
2000be08  imageHeightTemp                  
2000be88  imageHeightTempIndex             
2000be70  imageIndex                       
2000be7c  imageSize                        
2000be0c  imageSizeTemp                    
2000be78  imageSizeTempIndex               
2000be10  imageType                        
2000be74  imageTypeIndex                   
2000be84  imageWidth                       
2000be14  imageWidthTemp                   
2000be80  imageWidthTempIndex              
00000000  interruptVectors                 
000010a9  main                             
00000f81  memcpy                           
0000123d  memset                           
00000361  processItem                      
000000e5  readFromBuffer                   
00001765  strcpy                           
2000be64  tail                             
00001914  uartConfig                       
2000be00  word                             
2000be6c  wordIndex                        
00001731  writeToBuffer                    


GLOBAL SYMBOLS: SORTED BY Symbol Address 

address   name                             
-------   ----                             
00000000  __TI_static_base__               
00000000  interruptVectors                 
000000e5  readFromBuffer                   
00000200  __STACK_SIZE                     
00000361  processItem                      
0000076d  FlashCtl_programMemory           
000008cf  ADC14_IRQHandler                 
000008cf  AES256_IRQHandler                
000008cf  BusFault_Handler                 
000008cf  COMP_E0_IRQHandler               
000008cf  COMP_E1_IRQHandler               
000008cf  CS_IRQHandler                    
000008cf  DMA_ERR_IRQHandler               
000008cf  DMA_INT0_IRQHandler              
000008cf  DMA_INT1_IRQHandler              
000008cf  DMA_INT2_IRQHandler              
000008cf  DMA_INT3_IRQHandler              
000008cf  DebugMon_Handler                 
000008cf  Default_Handler                  
000008cf  EUSCIA1_IRQHandler               
000008cf  EUSCIA2_IRQHandler               
000008cf  EUSCIA3_IRQHandler               
000008cf  EUSCIB0_IRQHandler               
000008cf  EUSCIB1_IRQHandler               
000008cf  EUSCIB2_IRQHandler               
000008cf  EUSCIB3_IRQHandler               
000008cf  FLCTL_IRQHandler                 
000008cf  FPU_IRQHandler                   
000008cf  HardFault_Handler                
000008cf  MemManage_Handler                
000008cf  NMI_Handler                      
000008cf  PCM_IRQHandler                   
000008cf  PORT1_IRQHandler                 
000008cf  PORT2_IRQHandler                 
000008cf  PORT3_IRQHandler                 
000008cf  PORT4_IRQHandler                 
000008cf  PORT5_IRQHandler                 
000008cf  PORT6_IRQHandler                 
000008cf  PSS_IRQHandler                   
000008cf  PendSV_Handler                   
000008cf  RTC_C_IRQHandler                 
000008cf  SVC_Handler                      
000008cf  SysTick_Handler                  
000008cf  T32_INT1_IRQHandler              
000008cf  T32_INT2_IRQHandler              
000008cf  T32_INTC_IRQHandler              
000008cf  TA0_0_IRQHandler                 
000008cf  TA0_N_IRQHandler                 
000008cf  TA1_0_IRQHandler                 
000008cf  TA1_N_IRQHandler                 
000008cf  TA2_0_IRQHandler                 
000008cf  TA2_N_IRQHandler                 
000008cf  TA3_0_IRQHandler                 
000008cf  TA3_N_IRQHandler                 
000008cf  UsageFault_Handler               
000008cf  WDT_A_IRQHandler                 
000008d1  __FlashCtl_remaskBurstDataPre    
00000a05  __FlashCtl_remaskBurstDataPost   
00000b35  UART_initModule                  
00000c51  __FlashCtl_remaskData32Pre       
00000d29  __FlashCtl_remaskData32Post      
00000f81  __aeabi_memcpy                   
00000f81  __aeabi_memcpy4                  
00000f81  __aeabi_memcpy8                  
00000f81  memcpy                           
0000101d  __FlashCtl_remaskData8Pre        
000010a9  main                             
00001131  __FlashCtl_remaskData8Post       
000011b5  SysCtl_getTLVInfo                
00001235  __aeabi_memclr                   
00001235  __aeabi_memclr4                  
00001235  __aeabi_memclr8                  
00001237  __aeabi_memset                   
00001237  __aeabi_memset4                  
00001237  __aeabi_memset8                  
0000123d  memset                           
000012b1  FlashCtl_setReadMode             
00001329  SystemInit                       
000013a1  __TI_decompress_lzss             
00001409  UART_getEnabledInterruptStatus   
0000146d  FlashCtl_clearProgramVerification
000014b9  FlashCtl_setProgramVerification  
00001505  atoi                             
00001551  FlashCtl_setWaitState            
00001599  EUSCIA0_IRQHandler               
00001599  EUSCIA0_IRQHandler               
000015dd  __TI_auto_init_nobinit_nopinit   
00001621  FlashCtl_enableWordProgramming   
00001659  FlashCtl_getReadMode             
00001691  FlashCtl_getWaitState            
000016c9  CS_setDCOCenteredFrequency       
000016fd  _c_int00_noargs                  
00001731  writeToBuffer                    
0000174d  UART_getInterruptStatus          
00001765  strcpy                           
00001779  Interrupt_disableMaster          
00001789  Interrupt_enableMaster           
00001799  __TI_decompress_none             
000017a7  CPU_cpsid                        
000017b3  CPU_cpsie                        
000017c1  FlashCtl_disableWordProgramming  
000017cd  FlashCtl_getInterruptStatus      
000017d9  Reset_Handler                    
000017e5  SysCtl_getFlashSize              
000017f1  __TI_zero_init                   
000017fd  CPU_primask                      
00001807  _system_pre_init                 
0000180b  C$$EXIT                          
0000180b  abort                            
00001810  _ctypes_                         
00001914  uartConfig                       
00001988  __TI_Handler_Table_Base          
00001994  __TI_Handler_Table_Limit         
000019a0  __TI_CINIT_Base                  
000019b0  __TI_CINIT_Limit                 
20000000  __start___llvm_prf_cnts          
20000000  __stop___llvm_prf_cnts           
20000000  imageArray                       
20007d00  data                             
20009c40  image                            
2000bb80  dictionary                       
2000be00  word                             
2000be08  imageHeightTemp                  
2000be0c  imageSizeTemp                    
2000be10  imageType                        
2000be14  imageWidthTemp                   
2000be18  base                             
2000be5c  dictionaryIndex                  
2000be60  head                             
2000be64  tail                             
2000be68  contentFlag                      
2000be6c  wordIndex                        
2000be70  imageIndex                       
2000be74  imageTypeIndex                   
2000be78  imageSizeTempIndex               
2000be7c  imageSize                        
2000be80  imageWidthTempIndex              
2000be84  imageWidth                       
2000be88  imageHeightTempIndex             
2000be8c  imageHeight                      
2000be90  imageArrayIndex                  
2000fe00  __stack                          
20010000  __STACK_END                      
4000480c  WDTCTL_SYM                       
ffffffff  __TI_pprof_out_hndl              
ffffffff  __TI_prof_data_size              
ffffffff  __TI_prof_data_start             
ffffffff  __binit__                        
ffffffff  __c_args__                       
ffffffff  binit                            
UNDEFED   __mpu_init                       
UNDEFED   _system_post_cinit               

[152 symbols]
