******************************************************************************
                  TI ARM Linker PC v20.2.5                     
******************************************************************************
>> Linked Tue Dec  7 16:36:59 2021

OUTPUT FILE NAME:   <load_words_test.out>
ENTRY POINT SYMBOL: "_c_int00_noargs"  address: 000006c5


MEMORY CONFIGURATION

         name            origin    length      used     unused   attr    fill
----------------------  --------  ---------  --------  --------  ----  --------
  MAIN                  00000000   00040000  0000080c  0003f7f4  R  X
  INFO                  00200000   00004000  00000000  00004000  R  X
  SRAM_CODE             01000000   00010000  00004093  0000bf6d  RW X
  SRAM_DATA             20000000   00010000  00004093  0000bf6d  RW  


SEGMENT ALLOCATION MAP

run origin  load origin   length   init length attrs members
----------  ----------- ---------- ----------- ----- -------
00000000    00000000    00000810   00000810    r-x
  00000000    00000000    000000e4   000000e4    r-- .intvecs
  000000e4    000000e4    000006d0   000006d0    r-x .text
  000007b4    000007b4    00000028   00000028    r-- .const
  000007e0    000007e0    00000030   00000030    r-- .cinit
20000000    20000000    00003e96   00000000    rw-
  20000000    20000000    00003e89   00000000    rw- .bss
  20003e8c    20003e8c    0000000a   00000000    rw- .data
2000fe00    2000fe00    00000200   00000000    rw-
  2000fe00    2000fe00    00000200   00000000    rw- .stack


SECTION ALLOCATION MAP

 output                                  attributes/
section   page    origin      length       input sections
--------  ----  ----------  ----------   ----------------
.intvecs   0    00000000    000000e4     
                  00000000    000000e4     startup_msp432p401r_ccs.obj (.intvecs:retain)

.text      0    000000e4    000006d0     
                  000000e4    0000011c     msp432p4xx_driverlib.lib : uart.o (.text:UART_initModule)
                  00000200    000000b0     main.obj (.text:readFromBuffer)
                  000002b0    0000009c     rtsv7M4_T_le_v4SPD16_eabi.lib : memcpy_t2.asm.obj (.text)
                  0000034c    0000008c     main.obj (.text:main)
                  000003d8    0000007a     rtsv7M4_T_le_v4SPD16_eabi.lib : memset_t2.asm.obj (.text)
                  00000452    00000002     startup_msp432p401r_ccs.obj (.text:Default_Handler)
                  00000454    00000078     system_msp432p401r.obj (.text:SystemInit)
                  000004cc    00000068     rtsv7M4_T_le_v4SPD16_eabi.lib : copy_decompress_lzss.c.obj (.text:decompress:lzss:__TI_decompress_lzss)
                  00000534    00000064     msp432p4xx_driverlib.lib : uart.o (.text:UART_getEnabledInterruptStatus)
                  00000598    00000060     main.obj (.text:EUSCIA0_IRQHandler)
                  000005f8    00000054     main.obj (.text:writeToBuffer)
                  0000064c    00000044     rtsv7M4_T_le_v4SPD16_eabi.lib : autoinit.c.obj (.text:__TI_auto_init_nobinit_nopinit:__TI_auto_init_nobinit_nopinit)
                  00000690    00000034     msp432p4xx_driverlib.lib : cs.o (.text:CS_setDCOCenteredFrequency)
                  000006c4    00000034     rtsv7M4_T_le_v4SPD16_eabi.lib : boot_cortex_m.c.obj (.text:_c_int00_noargs:_c_int00_noargs)
                  000006f8    00000034     main.obj (.text:bufferIsEmpty)
                  0000072c    00000020     main.obj (.text:newCircularBuffer)
                  0000074c    00000018     msp432p4xx_driverlib.lib : uart.o (.text:UART_getInterruptStatus)
                  00000764    00000014     main.obj (.text:processItem)
                  00000778    0000000e     rtsv7M4_T_le_v4SPD16_eabi.lib : copy_decompress_none.c.obj (.text:decompress:none:__TI_decompress_none)
                  00000786    0000000c     startup_msp432p401r_ccs.obj (.text:Reset_Handler)
                  00000792    00000002     --HOLE-- [fill = 0]
                  00000794    0000000c     main.obj (.text:bufferIsFull)
                  000007a0    0000000c     rtsv7M4_T_le_v4SPD16_eabi.lib : copy_zero_init.c.obj (.text:decompress:ZI:__TI_zero_init)
                  000007ac    00000004                                   : pre_init.c.obj (.text:_system_pre_init)
                  000007b0    00000004                                   : exit.c.obj (.text:abort:abort)

.const     0    000007b4    00000028     
                  000007b4    00000028     main.obj (.const:uartConfig)

.cinit     0    000007e0    00000030     
                  000007e0    0000000c     (__TI_handler_table)
                  000007ec    00000004     --HOLE-- [fill = 0]
                  000007f0    00000008     (.cinit..bss.load) [load image, compression = zero_init]
                  000007f8    00000007     (.cinit..data.load) [load image, compression = lzss]
                  000007ff    00000001     --HOLE-- [fill = 0]
                  00000800    00000010     (__TI_cinit_table)

.init_array 
*          0    00000000    00000000     UNINITIALIZED

.binit     0    00000000    00000000     

.bss       0    20000000    00003e89     UNINITIALIZED
                  20000000    00001f40     (.common:data)
                  20001f40    00001f40     (.common:image)
                  20003e80    00000008     (.common:word)
                  20003e88    00000001     (.common:base)

.data      0    20003e8c    0000000a     UNINITIALIZED
                  20003e8c    0000000a     main.obj (.data)

.stack     0    2000fe00    00000200     UNINITIALIZED
                  2000fe00    00000004     rtsv7M4_T_le_v4SPD16_eabi.lib : boot_cortex_m.c.obj (.stack)
                  2000fe04    000001fc     --HOLE--

__llvm_prf_cnts 
*          0    20000000    00000000     UNINITIALIZED

MODULE SUMMARY

       Module                        code   ro data   rw data
       ------                        ----   -------   -------
    .\
       main.obj                      612    40        32038  
       system_msp432p401r.obj        120    0         0      
    +--+-----------------------------+------+---------+---------+
       Total:                        732    40        32038  
                                                             
    .\ccs\
       startup_msp432p401r_ccs.obj   14     228       0      
    +--+-----------------------------+------+---------+---------+
       Total:                        14     228       0      
                                                             
    C:/ti/simplelink_msp432p4_sdk_3_40_01_02/source/ti/devices/msp432p4xx/driverlib/ccs/msp432p4xx_driverlib.lib
       uart.o                        408    0         0      
       cs.o                          52     0         0      
    +--+-----------------------------+------+---------+---------+
       Total:                        460    0         0      
                                                             
    C:\ti\ccs1100\ccs\tools\compiler\ti-cgt-arm_20.2.5.LTS\lib\rtsv7M4_T_le_v4SPD16_eabi.lib
       memcpy_t2.asm.obj             156    0         0      
       memset_t2.asm.obj             122    0         0      
       copy_decompress_lzss.c.obj    104    0         0      
       autoinit.c.obj                68     0         0      
       boot_cortex_m.c.obj           52     0         0      
       copy_decompress_none.c.obj    14     0         0      
       copy_zero_init.c.obj          12     0         0      
       exit.c.obj                    4      0         0      
       pre_init.c.obj                4      0         0      
    +--+-----------------------------+------+---------+---------+
       Total:                        536    0         0      
                                                             
       Stack:                        0      0         1024   
       Linker Generated:             0      43        0      
    +--+-----------------------------+------+---------+---------+
       Grand Total:                  1742   311       33062  


LINKER GENERATED COPY TABLES

__TI_cinit_table @ 00000800 records: 2, size/record: 8, table size: 16
	.bss: load addr=000007f0, load size=00000008 bytes, run addr=20000000, run size=00003e89 bytes, compression=zero_init
	.data: load addr=000007f8, load size=00000007 bytes, run addr=20003e8c, run size=0000000a bytes, compression=lzss


LINKER GENERATED HANDLER TABLE

__TI_handler_table @ 000007e0 records: 3, size/record: 4, table size: 12
	index: 0, handler: __TI_decompress_lzss
	index: 1, handler: __TI_decompress_none
	index: 2, handler: __TI_zero_init


GLOBAL SYMBOLS: SORTED ALPHABETICALLY BY Name 

address   name                          
-------   ----                          
00000453  ADC14_IRQHandler              
00000453  AES256_IRQHandler             
00000453  BusFault_Handler              
000007b1  C$$EXIT                       
00000453  COMP_E0_IRQHandler            
00000453  COMP_E1_IRQHandler            
00000453  CS_IRQHandler                 
00000691  CS_setDCOCenteredFrequency    
00000453  DMA_ERR_IRQHandler            
00000453  DMA_INT0_IRQHandler           
00000453  DMA_INT1_IRQHandler           
00000453  DMA_INT2_IRQHandler           
00000453  DMA_INT3_IRQHandler           
00000453  DebugMon_Handler              
00000453  Default_Handler               
00000599  EUSCIA0_IRQHandler            
00000599  EUSCIA0_IRQHandler            
00000453  EUSCIA1_IRQHandler            
00000453  EUSCIA2_IRQHandler            
00000453  EUSCIA3_IRQHandler            
00000453  EUSCIB0_IRQHandler            
00000453  EUSCIB1_IRQHandler            
00000453  EUSCIB2_IRQHandler            
00000453  EUSCIB3_IRQHandler            
00000453  FLCTL_IRQHandler              
00000453  FPU_IRQHandler                
00000453  HardFault_Handler             
00000453  MemManage_Handler             
00000453  NMI_Handler                   
00000453  PCM_IRQHandler                
00000453  PORT1_IRQHandler              
00000453  PORT2_IRQHandler              
00000453  PORT3_IRQHandler              
00000453  PORT4_IRQHandler              
00000453  PORT5_IRQHandler              
00000453  PORT6_IRQHandler              
00000453  PSS_IRQHandler                
00000453  PendSV_Handler                
00000453  RTC_C_IRQHandler              
00000787  Reset_Handler                 
00000453  SVC_Handler                   
00000453  SysTick_Handler               
00000455  SystemInit                    
00000453  T32_INT1_IRQHandler           
00000453  T32_INT2_IRQHandler           
00000453  T32_INTC_IRQHandler           
00000453  TA0_0_IRQHandler              
00000453  TA0_N_IRQHandler              
00000453  TA1_0_IRQHandler              
00000453  TA1_N_IRQHandler              
00000453  TA2_0_IRQHandler              
00000453  TA2_N_IRQHandler              
00000453  TA3_0_IRQHandler              
00000453  TA3_N_IRQHandler              
00000535  UART_getEnabledInterruptStatus
0000074d  UART_getInterruptStatus       
000000e5  UART_initModule               
00000453  UsageFault_Handler            
4000480c  WDTCTL_SYM                    
00000453  WDT_A_IRQHandler              
20010000  __STACK_END                   
00000200  __STACK_SIZE                  
00000800  __TI_CINIT_Base               
00000810  __TI_CINIT_Limit              
000007e0  __TI_Handler_Table_Base       
000007ec  __TI_Handler_Table_Limit      
0000064d  __TI_auto_init_nobinit_nopinit
000004cd  __TI_decompress_lzss          
00000779  __TI_decompress_none          
ffffffff  __TI_pprof_out_hndl           
ffffffff  __TI_prof_data_size           
ffffffff  __TI_prof_data_start          
00000000  __TI_static_base__            
000007a1  __TI_zero_init                
000003d9  __aeabi_memclr                
000003d9  __aeabi_memclr4               
000003d9  __aeabi_memclr8               
000002b1  __aeabi_memcpy                
000002b1  __aeabi_memcpy4               
000002b1  __aeabi_memcpy8               
000003db  __aeabi_memset                
000003db  __aeabi_memset4               
000003db  __aeabi_memset8               
ffffffff  __binit__                     
ffffffff  __c_args__                    
UNDEFED   __mpu_init                    
2000fe00  __stack                       
20000000  __start___llvm_prf_cnts       
20000000  __stop___llvm_prf_cnts        
000006c5  _c_int00_noargs               
UNDEFED   _system_post_cinit            
000007ad  _system_pre_init              
000007b1  abort                         
20003e88  base                          
ffffffff  binit                         
000006f9  bufferIsEmpty                 
00000795  bufferIsFull                  
20003e95  contentFlag                   
20000000  data                          
20003e8c  head                          
20001f40  image                         
00000000  interruptVectors              
20003e94  isFullFlag                    
0000034d  main                          
000002b1  memcpy                        
000003e1  memset                        
0000072d  newCircularBuffer             
00000765  processItem                   
00000201  readFromBuffer                
20003e90  tail                          
000007b4  uartConfig                    
20003e80  word                          
000005f9  writeToBuffer                 


GLOBAL SYMBOLS: SORTED BY Symbol Address 

address   name                          
-------   ----                          
00000000  __TI_static_base__            
00000000  interruptVectors              
000000e5  UART_initModule               
00000200  __STACK_SIZE                  
00000201  readFromBuffer                
000002b1  __aeabi_memcpy                
000002b1  __aeabi_memcpy4               
000002b1  __aeabi_memcpy8               
000002b1  memcpy                        
0000034d  main                          
000003d9  __aeabi_memclr                
000003d9  __aeabi_memclr4               
000003d9  __aeabi_memclr8               
000003db  __aeabi_memset                
000003db  __aeabi_memset4               
000003db  __aeabi_memset8               
000003e1  memset                        
00000453  ADC14_IRQHandler              
00000453  AES256_IRQHandler             
00000453  BusFault_Handler              
00000453  COMP_E0_IRQHandler            
00000453  COMP_E1_IRQHandler            
00000453  CS_IRQHandler                 
00000453  DMA_ERR_IRQHandler            
00000453  DMA_INT0_IRQHandler           
00000453  DMA_INT1_IRQHandler           
00000453  DMA_INT2_IRQHandler           
00000453  DMA_INT3_IRQHandler           
00000453  DebugMon_Handler              
00000453  Default_Handler               
00000453  EUSCIA1_IRQHandler            
00000453  EUSCIA2_IRQHandler            
00000453  EUSCIA3_IRQHandler            
00000453  EUSCIB0_IRQHandler            
00000453  EUSCIB1_IRQHandler            
00000453  EUSCIB2_IRQHandler            
00000453  EUSCIB3_IRQHandler            
00000453  FLCTL_IRQHandler              
00000453  FPU_IRQHandler                
00000453  HardFault_Handler             
00000453  MemManage_Handler             
00000453  NMI_Handler                   
00000453  PCM_IRQHandler                
00000453  PORT1_IRQHandler              
00000453  PORT2_IRQHandler              
00000453  PORT3_IRQHandler              
00000453  PORT4_IRQHandler              
00000453  PORT5_IRQHandler              
00000453  PORT6_IRQHandler              
00000453  PSS_IRQHandler                
00000453  PendSV_Handler                
00000453  RTC_C_IRQHandler              
00000453  SVC_Handler                   
00000453  SysTick_Handler               
00000453  T32_INT1_IRQHandler           
00000453  T32_INT2_IRQHandler           
00000453  T32_INTC_IRQHandler           
00000453  TA0_0_IRQHandler              
00000453  TA0_N_IRQHandler              
00000453  TA1_0_IRQHandler              
00000453  TA1_N_IRQHandler              
00000453  TA2_0_IRQHandler              
00000453  TA2_N_IRQHandler              
00000453  TA3_0_IRQHandler              
00000453  TA3_N_IRQHandler              
00000453  UsageFault_Handler            
00000453  WDT_A_IRQHandler              
00000455  SystemInit                    
000004cd  __TI_decompress_lzss          
00000535  UART_getEnabledInterruptStatus
00000599  EUSCIA0_IRQHandler            
00000599  EUSCIA0_IRQHandler            
000005f9  writeToBuffer                 
0000064d  __TI_auto_init_nobinit_nopinit
00000691  CS_setDCOCenteredFrequency    
000006c5  _c_int00_noargs               
000006f9  bufferIsEmpty                 
0000072d  newCircularBuffer             
0000074d  UART_getInterruptStatus       
00000765  processItem                   
00000779  __TI_decompress_none          
00000787  Reset_Handler                 
00000795  bufferIsFull                  
000007a1  __TI_zero_init                
000007ad  _system_pre_init              
000007b1  C$$EXIT                       
000007b1  abort                         
000007b4  uartConfig                    
000007e0  __TI_Handler_Table_Base       
000007ec  __TI_Handler_Table_Limit      
00000800  __TI_CINIT_Base               
00000810  __TI_CINIT_Limit              
20000000  __start___llvm_prf_cnts       
20000000  __stop___llvm_prf_cnts        
20000000  data                          
20001f40  image                         
20003e80  word                          
20003e88  base                          
20003e8c  head                          
20003e90  tail                          
20003e94  isFullFlag                    
20003e95  contentFlag                   
2000fe00  __stack                       
20010000  __STACK_END                   
4000480c  WDTCTL_SYM                    
ffffffff  __TI_pprof_out_hndl           
ffffffff  __TI_prof_data_size           
ffffffff  __TI_prof_data_start          
ffffffff  __binit__                     
ffffffff  __c_args__                    
ffffffff  binit                         
UNDEFED   __mpu_init                    
UNDEFED   _system_post_cinit            

[113 symbols]
