******************************************************************************
                  TI ARM Linker PC v20.2.5                     
******************************************************************************
>> Linked Sun Dec 12 01:03:07 2021

OUTPUT FILE NAME:   <load_words_test.out>
ENTRY POINT SYMBOL: "_c_int00_noargs"  address: 00000a7d


MEMORY CONFIGURATION

         name            origin    length      used     unused   attr    fill
----------------------  --------  ---------  --------  --------  ----  --------
  MAIN                  00000000   00040000  00000c8a  0003f376  R  X
  INFO                  00200000   00004000  00000000  00004000  R  X
  SRAM_CODE             01000000   00010000  0000c051  00003faf  RW X
  SRAM_DATA             20000000   00010000  0000c051  00003faf  RW  


SEGMENT ALLOCATION MAP

run origin  load origin   length   init length attrs members
----------  ----------- ---------- ----------- ----- -------
00000000    00000000    00000c90   00000c90    r-x
  00000000    00000000    000000e4   000000e4    r-- .intvecs
  000000e4    000000e4    00000a42   00000a42    r-x .text
  00000b28    00000b28    0000012c   0000012c    r-- .const
  00000c58    00000c58    00000038   00000038    r-- .cinit
20000000    20000000    0000be54   00000000    rw-
  20000000    20000000    0000be19   00000000    rw- .bss
  2000be1c    2000be1c    00000038   00000000    rw- .data
2000fe00    2000fe00    00000200   00000000    rw-
  2000fe00    2000fe00    00000200   00000000    rw- .stack


SECTION ALLOCATION MAP

 output                                  attributes/
section   page    origin      length       input sections
--------  ----  ----------  ----------   ----------------
.intvecs   0    00000000    000000e4     
                  00000000    000000e4     startup_msp432p401r_ccs.obj (.intvecs:retain)

.text      0    000000e4    00000a42     
                  000000e4    0000027c     main.obj (.text:readFromBuffer)
                  00000360    00000214     main.obj (.text:processItem)
                  00000574    0000011c     msp432p4xx_driverlib.lib : uart.o (.text:UART_initModule)
                  00000690    0000009c     rtsv7M4_T_le_v4SPD16_eabi.lib : memcpy_t2.asm.obj (.text)
                  0000072c    00000088     main.obj (.text:main)
                  000007b4    0000007a     rtsv7M4_T_le_v4SPD16_eabi.lib : memset_t2.asm.obj (.text)
                  0000082e    00000002     startup_msp432p401r_ccs.obj (.text:Default_Handler)
                  00000830    00000078     system_msp432p401r.obj (.text:SystemInit)
                  000008a8    00000068     rtsv7M4_T_le_v4SPD16_eabi.lib : copy_decompress_lzss.c.obj (.text:decompress:lzss:__TI_decompress_lzss)
                  00000910    00000064     msp432p4xx_driverlib.lib : uart.o (.text:UART_getEnabledInterruptStatus)
                  00000974    0000004c     rtsv7M4_T_le_v4SPD16_eabi.lib : atoi.c.obj (.text:atoi)
                  000009c0    00000044     main.obj (.text:EUSCIA0_IRQHandler)
                  00000a04    00000044     rtsv7M4_T_le_v4SPD16_eabi.lib : autoinit.c.obj (.text:__TI_auto_init_nobinit_nopinit:__TI_auto_init_nobinit_nopinit)
                  00000a48    00000034     msp432p4xx_driverlib.lib : cs.o (.text:CS_setDCOCenteredFrequency)
                  00000a7c    00000034     rtsv7M4_T_le_v4SPD16_eabi.lib : boot_cortex_m.c.obj (.text:_c_int00_noargs:_c_int00_noargs)
                  00000ab0    0000001c     main.obj (.text:writeToBuffer)
                  00000acc    00000018     msp432p4xx_driverlib.lib : uart.o (.text:UART_getInterruptStatus)
                  00000ae4    00000014     rtsv7M4_T_le_v4SPD16_eabi.lib : strcpy.c.obj (.text:strcpy)
                  00000af8    0000000e                                   : copy_decompress_none.c.obj (.text:decompress:none:__TI_decompress_none)
                  00000b06    0000000c     startup_msp432p401r_ccs.obj (.text:Reset_Handler)
                  00000b12    0000000c     rtsv7M4_T_le_v4SPD16_eabi.lib : copy_zero_init.c.obj (.text:decompress:ZI:__TI_zero_init)
                  00000b1e    00000004                                   : pre_init.c.obj (.text:_system_pre_init)
                  00000b22    00000004                                   : exit.c.obj (.text:abort:abort)

.const     0    00000b28    0000012c     
                  00000b28    00000101     rtsv7M4_T_le_v4SPD16_eabi.lib : ctype.c.obj (.const:.string:_ctypes_)
                  00000c29    00000003     --HOLE-- [fill = 0]
                  00000c2c    00000028     main.obj (.const:uartConfig)

.cinit     0    00000c58    00000038     
                  00000c58    00000011     (.cinit..data.load) [load image, compression = lzss]
                  00000c69    00000003     --HOLE-- [fill = 0]
                  00000c6c    0000000c     (__TI_handler_table)
                  00000c78    00000008     (.cinit..bss.load) [load image, compression = zero_init]
                  00000c80    00000010     (__TI_cinit_table)

.init_array 
*          0    00000000    00000000     UNINITIALIZED

.binit     0    00000000    00000000     

.bss       0    20000000    0000be19     UNINITIALIZED
                  20000000    00007d00     (.common:imageArray)
                  20007d00    00001f40     (.common:data)
                  20009c40    00001f40     (.common:image)
                  2000bb80    00000280     (.common:dictionary)
                  2000be00    00000008     (.common:word)
                  2000be08    00000004     (.common:imageHeightTemp)
                  2000be0c    00000004     (.common:imageSizeTemp)
                  2000be10    00000004     (.common:imageType)
                  2000be14    00000004     (.common:imageWidthTemp)
                  2000be18    00000001     (.common:base)

.data      0    2000be1c    00000038     UNINITIALIZED
                  2000be1c    00000038     main.obj (.data)

.stack     0    2000fe00    00000200     UNINITIALIZED
                  2000fe00    00000004     rtsv7M4_T_le_v4SPD16_eabi.lib : boot_cortex_m.c.obj (.stack)
                  2000fe04    000001fc     --HOLE--

__llvm_prf_cnts 
*          0    20000000    00000000     UNINITIALIZED

MODULE SUMMARY

       Module                        code   ro data   rw data
       ------                        ----   -------   -------
    .\
       main.obj                      1400   40        97442  
       system_msp432p401r.obj        120    0         0      
    +--+-----------------------------+------+---------+---------+
       Total:                        1520   40        97442  
                                                             
    .\ccs\
       startup_msp432p401r_ccs.obj   14     228       0      
    +--+-----------------------------+------+---------+---------+
       Total:                        14     228       0      
                                                             
    C:/ti/simplelink_msp432p4_sdk_3_40_01_02/source/ti/devices/msp432p4xx/driverlib/ccs/msp432p4xx_driverlib.lib
       uart.o                        408    0         0      
       cs.o                          52     0         0      
    +--+-----------------------------+------+---------+---------+
       Total:                        460    0         0      
                                                             
    C:\ti\ccs1100\ccs\tools\compiler\ti-cgt-arm_20.2.5.LTS\lib\rtsv7M4_T_le_v4SPD16_eabi.lib
       ctype.c.obj                   0      257       0      
       memcpy_t2.asm.obj             156    0         0      
       memset_t2.asm.obj             122    0         0      
       copy_decompress_lzss.c.obj    104    0         0      
       atoi.c.obj                    76     0         0      
       autoinit.c.obj                68     0         0      
       boot_cortex_m.c.obj           52     0         0      
       strcpy.c.obj                  20     0         0      
       copy_decompress_none.c.obj    14     0         0      
       copy_zero_init.c.obj          12     0         0      
       exit.c.obj                    4      0         0      
       pre_init.c.obj                4      0         0      
    +--+-----------------------------+------+---------+---------+
       Total:                        632    257       0      
                                                             
       Stack:                        0      0         1024   
       Linker Generated:             0      53        0      
    +--+-----------------------------+------+---------+---------+
       Grand Total:                  2626   578       98466  


LINKER GENERATED COPY TABLES

__TI_cinit_table @ 00000c80 records: 2, size/record: 8, table size: 16
	.data: load addr=00000c58, load size=00000011 bytes, run addr=2000be1c, run size=00000038 bytes, compression=lzss
	.bss: load addr=00000c78, load size=00000008 bytes, run addr=20000000, run size=0000be19 bytes, compression=zero_init


LINKER GENERATED HANDLER TABLE

__TI_handler_table @ 00000c6c records: 3, size/record: 4, table size: 12
	index: 0, handler: __TI_decompress_lzss
	index: 1, handler: __TI_decompress_none
	index: 2, handler: __TI_zero_init


GLOBAL SYMBOLS: SORTED ALPHABETICALLY BY Name 

address   name                          
-------   ----                          
0000082f  ADC14_IRQHandler              
0000082f  AES256_IRQHandler             
0000082f  BusFault_Handler              
00000b23  C$$EXIT                       
0000082f  COMP_E0_IRQHandler            
0000082f  COMP_E1_IRQHandler            
0000082f  CS_IRQHandler                 
00000a49  CS_setDCOCenteredFrequency    
0000082f  DMA_ERR_IRQHandler            
0000082f  DMA_INT0_IRQHandler           
0000082f  DMA_INT1_IRQHandler           
0000082f  DMA_INT2_IRQHandler           
0000082f  DMA_INT3_IRQHandler           
0000082f  DebugMon_Handler              
0000082f  Default_Handler               
000009c1  EUSCIA0_IRQHandler            
000009c1  EUSCIA0_IRQHandler            
0000082f  EUSCIA1_IRQHandler            
0000082f  EUSCIA2_IRQHandler            
0000082f  EUSCIA3_IRQHandler            
0000082f  EUSCIB0_IRQHandler            
0000082f  EUSCIB1_IRQHandler            
0000082f  EUSCIB2_IRQHandler            
0000082f  EUSCIB3_IRQHandler            
0000082f  FLCTL_IRQHandler              
0000082f  FPU_IRQHandler                
0000082f  HardFault_Handler             
0000082f  MemManage_Handler             
0000082f  NMI_Handler                   
0000082f  PCM_IRQHandler                
0000082f  PORT1_IRQHandler              
0000082f  PORT2_IRQHandler              
0000082f  PORT3_IRQHandler              
0000082f  PORT4_IRQHandler              
0000082f  PORT5_IRQHandler              
0000082f  PORT6_IRQHandler              
0000082f  PSS_IRQHandler                
0000082f  PendSV_Handler                
0000082f  RTC_C_IRQHandler              
00000b07  Reset_Handler                 
0000082f  SVC_Handler                   
0000082f  SysTick_Handler               
00000831  SystemInit                    
0000082f  T32_INT1_IRQHandler           
0000082f  T32_INT2_IRQHandler           
0000082f  T32_INTC_IRQHandler           
0000082f  TA0_0_IRQHandler              
0000082f  TA0_N_IRQHandler              
0000082f  TA1_0_IRQHandler              
0000082f  TA1_N_IRQHandler              
0000082f  TA2_0_IRQHandler              
0000082f  TA2_N_IRQHandler              
0000082f  TA3_0_IRQHandler              
0000082f  TA3_N_IRQHandler              
00000911  UART_getEnabledInterruptStatus
00000acd  UART_getInterruptStatus       
00000575  UART_initModule               
0000082f  UsageFault_Handler            
4000480c  WDTCTL_SYM                    
0000082f  WDT_A_IRQHandler              
20010000  __STACK_END                   
00000200  __STACK_SIZE                  
00000c80  __TI_CINIT_Base               
00000c90  __TI_CINIT_Limit              
00000c6c  __TI_Handler_Table_Base       
00000c78  __TI_Handler_Table_Limit      
00000a05  __TI_auto_init_nobinit_nopinit
000008a9  __TI_decompress_lzss          
00000af9  __TI_decompress_none          
ffffffff  __TI_pprof_out_hndl           
ffffffff  __TI_prof_data_size           
ffffffff  __TI_prof_data_start          
00000000  __TI_static_base__            
00000b13  __TI_zero_init                
000007b5  __aeabi_memclr                
000007b5  __aeabi_memclr4               
000007b5  __aeabi_memclr8               
00000691  __aeabi_memcpy                
00000691  __aeabi_memcpy4               
00000691  __aeabi_memcpy8               
000007b7  __aeabi_memset                
000007b7  __aeabi_memset4               
000007b7  __aeabi_memset8               
ffffffff  __binit__                     
ffffffff  __c_args__                    
UNDEFED   __mpu_init                    
2000fe00  __stack                       
20000000  __start___llvm_prf_cnts       
20000000  __stop___llvm_prf_cnts        
00000a7d  _c_int00_noargs               
00000b28  _ctypes_                      
UNDEFED   _system_post_cinit            
00000b1f  _system_pre_init              
00000b23  abort                         
00000975  atoi                          
2000be18  base                          
ffffffff  binit                         
2000be28  contentFlag                   
20007d00  data                          
2000bb80  dictionary                    
2000be1c  dictionaryIndex               
2000be20  head                          
20009c40  image                         
20000000  imageArray                    
2000be50  imageArrayIndex               
2000be4c  imageHeight                   
2000be08  imageHeightTemp               
2000be48  imageHeightTempIndex          
2000be30  imageIndex                    
2000be3c  imageSize                     
2000be0c  imageSizeTemp                 
2000be38  imageSizeTempIndex            
2000be10  imageType                     
2000be34  imageTypeIndex                
2000be44  imageWidth                    
2000be14  imageWidthTemp                
2000be40  imageWidthTempIndex           
00000000  interruptVectors              
0000072d  main                          
00000691  memcpy                        
000007bd  memset                        
00000361  processItem                   
000000e5  readFromBuffer                
00000ae5  strcpy                        
2000be24  tail                          
00000c2c  uartConfig                    
2000be00  word                          
2000be2c  wordIndex                     
00000ab1  writeToBuffer                 


GLOBAL SYMBOLS: SORTED BY Symbol Address 

address   name                          
-------   ----                          
00000000  __TI_static_base__            
00000000  interruptVectors              
000000e5  readFromBuffer                
00000200  __STACK_SIZE                  
00000361  processItem                   
00000575  UART_initModule               
00000691  __aeabi_memcpy                
00000691  __aeabi_memcpy4               
00000691  __aeabi_memcpy8               
00000691  memcpy                        
0000072d  main                          
000007b5  __aeabi_memclr                
000007b5  __aeabi_memclr4               
000007b5  __aeabi_memclr8               
000007b7  __aeabi_memset                
000007b7  __aeabi_memset4               
000007b7  __aeabi_memset8               
000007bd  memset                        
0000082f  ADC14_IRQHandler              
0000082f  AES256_IRQHandler             
0000082f  BusFault_Handler              
0000082f  COMP_E0_IRQHandler            
0000082f  COMP_E1_IRQHandler            
0000082f  CS_IRQHandler                 
0000082f  DMA_ERR_IRQHandler            
0000082f  DMA_INT0_IRQHandler           
0000082f  DMA_INT1_IRQHandler           
0000082f  DMA_INT2_IRQHandler           
0000082f  DMA_INT3_IRQHandler           
0000082f  DebugMon_Handler              
0000082f  Default_Handler               
0000082f  EUSCIA1_IRQHandler            
0000082f  EUSCIA2_IRQHandler            
0000082f  EUSCIA3_IRQHandler            
0000082f  EUSCIB0_IRQHandler            
0000082f  EUSCIB1_IRQHandler            
0000082f  EUSCIB2_IRQHandler            
0000082f  EUSCIB3_IRQHandler            
0000082f  FLCTL_IRQHandler              
0000082f  FPU_IRQHandler                
0000082f  HardFault_Handler             
0000082f  MemManage_Handler             
0000082f  NMI_Handler                   
0000082f  PCM_IRQHandler                
0000082f  PORT1_IRQHandler              
0000082f  PORT2_IRQHandler              
0000082f  PORT3_IRQHandler              
0000082f  PORT4_IRQHandler              
0000082f  PORT5_IRQHandler              
0000082f  PORT6_IRQHandler              
0000082f  PSS_IRQHandler                
0000082f  PendSV_Handler                
0000082f  RTC_C_IRQHandler              
0000082f  SVC_Handler                   
0000082f  SysTick_Handler               
0000082f  T32_INT1_IRQHandler           
0000082f  T32_INT2_IRQHandler           
0000082f  T32_INTC_IRQHandler           
0000082f  TA0_0_IRQHandler              
0000082f  TA0_N_IRQHandler              
0000082f  TA1_0_IRQHandler              
0000082f  TA1_N_IRQHandler              
0000082f  TA2_0_IRQHandler              
0000082f  TA2_N_IRQHandler              
0000082f  TA3_0_IRQHandler              
0000082f  TA3_N_IRQHandler              
0000082f  UsageFault_Handler            
0000082f  WDT_A_IRQHandler              
00000831  SystemInit                    
000008a9  __TI_decompress_lzss          
00000911  UART_getEnabledInterruptStatus
00000975  atoi                          
000009c1  EUSCIA0_IRQHandler            
000009c1  EUSCIA0_IRQHandler            
00000a05  __TI_auto_init_nobinit_nopinit
00000a49  CS_setDCOCenteredFrequency    
00000a7d  _c_int00_noargs               
00000ab1  writeToBuffer                 
00000acd  UART_getInterruptStatus       
00000ae5  strcpy                        
00000af9  __TI_decompress_none          
00000b07  Reset_Handler                 
00000b13  __TI_zero_init                
00000b1f  _system_pre_init              
00000b23  C$$EXIT                       
00000b23  abort                         
00000b28  _ctypes_                      
00000c2c  uartConfig                    
00000c6c  __TI_Handler_Table_Base       
00000c78  __TI_Handler_Table_Limit      
00000c80  __TI_CINIT_Base               
00000c90  __TI_CINIT_Limit              
20000000  __start___llvm_prf_cnts       
20000000  __stop___llvm_prf_cnts        
20000000  imageArray                    
20007d00  data                          
20009c40  image                         
2000bb80  dictionary                    
2000be00  word                          
2000be08  imageHeightTemp               
2000be0c  imageSizeTemp                 
2000be10  imageType                     
2000be14  imageWidthTemp                
2000be18  base                          
2000be1c  dictionaryIndex               
2000be20  head                          
2000be24  tail                          
2000be28  contentFlag                   
2000be2c  wordIndex                     
2000be30  imageIndex                    
2000be34  imageTypeIndex                
2000be38  imageSizeTempIndex            
2000be3c  imageSize                     
2000be40  imageWidthTempIndex           
2000be44  imageWidth                    
2000be48  imageHeightTempIndex          
2000be4c  imageHeight                   
2000be50  imageArrayIndex               
2000fe00  __stack                       
20010000  __STACK_END                   
4000480c  WDTCTL_SYM                    
ffffffff  __TI_pprof_out_hndl           
ffffffff  __TI_prof_data_size           
ffffffff  __TI_prof_data_start          
ffffffff  __binit__                     
ffffffff  __c_args__                    
ffffffff  binit                         
UNDEFED   __mpu_init                    
UNDEFED   _system_post_cinit            

[129 symbols]
