<?xml version="1.0" encoding="ISO-8859-1" ?>
<link_info>
   <banner>TI ARM Linker PC v20.2.5.LTS</banner>
   <copyright>Copyright (c) 1996-2018 Texas Instruments Incorporated</copyright>
   <link_time>0x61b59cee</link_time>
   <link_errors>0x0</link_errors>
   <output_file>load_words_test.out</output_file>
   <entry_point>
      <name>_c_int00_noargs</name>
      <address>0x1705</address>
   </entry_point>
   <input_file_list>
      <input_file id="fl-2">
         <path>.\</path>
         <kind>object</kind>
         <file>main.obj</file>
         <name>main.obj</name>
      </input_file>
      <input_file id="fl-3">
         <path>.\</path>
         <kind>object</kind>
         <file>system_msp432p401r.obj</file>
         <name>system_msp432p401r.obj</name>
      </input_file>
      <input_file id="fl-4">
         <path>.\ccs\</path>
         <kind>object</kind>
         <file>startup_msp432p401r_ccs.obj</file>
         <name>startup_msp432p401r_ccs.obj</name>
      </input_file>
      <input_file id="fl-e">
         <kind>object</kind>
         <file>&lt;internal&gt;</file>
         <name>&lt;internal&gt;</name>
      </input_file>
      <input_file id="fl-f">
         <path>C:\ti\simplelink_msp432p4_sdk_3_40_01_02\source\ti\devices\msp432p4xx\driverlib\ccs\</path>
         <kind>archive</kind>
         <file>msp432p4xx_driverlib.lib</file>
         <name>cs.o</name>
      </input_file>
      <input_file id="fl-10">
         <path>C:\ti\simplelink_msp432p4_sdk_3_40_01_02\source\ti\devices\msp432p4xx\driverlib\ccs\</path>
         <kind>archive</kind>
         <file>msp432p4xx_driverlib.lib</file>
         <name>flash.o</name>
      </input_file>
      <input_file id="fl-11">
         <path>C:\ti\simplelink_msp432p4_sdk_3_40_01_02\source\ti\devices\msp432p4xx\driverlib\ccs\</path>
         <kind>archive</kind>
         <file>msp432p4xx_driverlib.lib</file>
         <name>interrupt.o</name>
      </input_file>
      <input_file id="fl-12">
         <path>C:\ti\simplelink_msp432p4_sdk_3_40_01_02\source\ti\devices\msp432p4xx\driverlib\ccs\</path>
         <kind>archive</kind>
         <file>msp432p4xx_driverlib.lib</file>
         <name>sysctl.o</name>
      </input_file>
      <input_file id="fl-13">
         <path>C:\ti\simplelink_msp432p4_sdk_3_40_01_02\source\ti\devices\msp432p4xx\driverlib\ccs\</path>
         <kind>archive</kind>
         <file>msp432p4xx_driverlib.lib</file>
         <name>sysctl_a.o</name>
      </input_file>
      <input_file id="fl-14">
         <path>C:\ti\simplelink_msp432p4_sdk_3_40_01_02\source\ti\devices\msp432p4xx\driverlib\ccs\</path>
         <kind>archive</kind>
         <file>msp432p4xx_driverlib.lib</file>
         <name>uart.o</name>
      </input_file>
      <input_file id="fl-15">
         <path>C:\ti\simplelink_msp432p4_sdk_3_40_01_02\source\ti\devices\msp432p4xx\driverlib\ccs\</path>
         <kind>archive</kind>
         <file>msp432p4xx_driverlib.lib</file>
         <name>cpu.o</name>
      </input_file>
      <input_file id="fl-cb">
         <path>C:\ti\ccs1100\ccs\tools\compiler\ti-cgt-arm_20.2.5.LTS\lib\</path>
         <kind>archive</kind>
         <file>rtsv7M4_T_le_v4SPD16_eabi.lib</file>
         <name>copy_zero_init.c.obj</name>
      </input_file>
      <input_file id="fl-cc">
         <path>C:\ti\ccs1100\ccs\tools\compiler\ti-cgt-arm_20.2.5.LTS\lib\</path>
         <kind>archive</kind>
         <file>rtsv7M4_T_le_v4SPD16_eabi.lib</file>
         <name>copy_decompress_none.c.obj</name>
      </input_file>
      <input_file id="fl-cd">
         <path>C:\ti\ccs1100\ccs\tools\compiler\ti-cgt-arm_20.2.5.LTS\lib\</path>
         <kind>archive</kind>
         <file>rtsv7M4_T_le_v4SPD16_eabi.lib</file>
         <name>copy_decompress_lzss.c.obj</name>
      </input_file>
      <input_file id="fl-ce">
         <path>C:\ti\ccs1100\ccs\tools\compiler\ti-cgt-arm_20.2.5.LTS\lib\</path>
         <kind>archive</kind>
         <file>rtsv7M4_T_le_v4SPD16_eabi.lib</file>
         <name>atoi.c.obj</name>
      </input_file>
      <input_file id="fl-cf">
         <path>C:\ti\ccs1100\ccs\tools\compiler\ti-cgt-arm_20.2.5.LTS\lib\</path>
         <kind>archive</kind>
         <file>rtsv7M4_T_le_v4SPD16_eabi.lib</file>
         <name>ctype.c.obj</name>
      </input_file>
      <input_file id="fl-d0">
         <path>C:\ti\ccs1100\ccs\tools\compiler\ti-cgt-arm_20.2.5.LTS\lib\</path>
         <kind>archive</kind>
         <file>rtsv7M4_T_le_v4SPD16_eabi.lib</file>
         <name>strcpy.c.obj</name>
      </input_file>
      <input_file id="fl-d1">
         <path>C:\ti\ccs1100\ccs\tools\compiler\ti-cgt-arm_20.2.5.LTS\lib\</path>
         <kind>archive</kind>
         <file>rtsv7M4_T_le_v4SPD16_eabi.lib</file>
         <name>boot_cortex_m.c.obj</name>
      </input_file>
      <input_file id="fl-d2">
         <path>C:\ti\ccs1100\ccs\tools\compiler\ti-cgt-arm_20.2.5.LTS\lib\</path>
         <kind>archive</kind>
         <file>rtsv7M4_T_le_v4SPD16_eabi.lib</file>
         <name>memcpy_t2.asm.obj</name>
      </input_file>
      <input_file id="fl-d3">
         <path>C:\ti\ccs1100\ccs\tools\compiler\ti-cgt-arm_20.2.5.LTS\lib\</path>
         <kind>archive</kind>
         <file>rtsv7M4_T_le_v4SPD16_eabi.lib</file>
         <name>memset_t2.asm.obj</name>
      </input_file>
      <input_file id="fl-d4">
         <path>C:\ti\ccs1100\ccs\tools\compiler\ti-cgt-arm_20.2.5.LTS\lib\</path>
         <kind>archive</kind>
         <file>rtsv7M4_T_le_v4SPD16_eabi.lib</file>
         <name>autoinit.c.obj</name>
      </input_file>
      <input_file id="fl-d5">
         <path>C:\ti\ccs1100\ccs\tools\compiler\ti-cgt-arm_20.2.5.LTS\lib\</path>
         <kind>archive</kind>
         <file>rtsv7M4_T_le_v4SPD16_eabi.lib</file>
         <name>pre_init.c.obj</name>
      </input_file>
      <input_file id="fl-d6">
         <path>C:\ti\ccs1100\ccs\tools\compiler\ti-cgt-arm_20.2.5.LTS\lib\</path>
         <kind>archive</kind>
         <file>rtsv7M4_T_le_v4SPD16_eabi.lib</file>
         <name>cpy_tbl.c.obj</name>
      </input_file>
      <input_file id="fl-d7">
         <path>C:\ti\ccs1100\ccs\tools\compiler\ti-cgt-arm_20.2.5.LTS\lib\</path>
         <kind>archive</kind>
         <file>rtsv7M4_T_le_v4SPD16_eabi.lib</file>
         <name>exit.c.obj</name>
      </input_file>
      <input_file id="fl-d8">
         <path>C:\ti\ccs1100\ccs\tools\compiler\ti-cgt-arm_20.2.5.LTS\lib\</path>
         <kind>archive</kind>
         <file>rtsv7M4_T_le_v4SPD16_eabi.lib</file>
         <name>_lock.c.obj</name>
      </input_file>
      <input_file id="fl-d9">
         <path>C:\ti\ccs1100\ccs\tools\compiler\ti-cgt-arm_20.2.5.LTS\lib\</path>
         <kind>archive</kind>
         <file>rtsv7M4_T_le_v4SPD16_eabi.lib</file>
         <name>args_main.c.obj</name>
      </input_file>
   </input_file_list>
   <object_component_list>
      <object_component id="oc-26">
         <name>.intvecs:retain</name>
         <load_address>0x0</load_address>
         <run_address>0x0</run_address>
         <size>0xe4</size>
         <input_file_ref idref="fl-4"/>
      </object_component>
      <object_component id="oc-150">
         <name>.text:readFromBuffer</name>
         <load_address>0xe4</load_address>
         <run_address>0xe4</run_address>
         <size>0x27c</size>
         <input_file_ref idref="fl-2"/>
      </object_component>
      <object_component id="oc-bf">
         <name>.text:processItem</name>
         <load_address>0x360</load_address>
         <run_address>0x360</run_address>
         <size>0x228</size>
         <input_file_ref idref="fl-2"/>
      </object_component>
      <object_component id="oc-1ed">
         <name>.text:_FlashCtl_ProgramBurst</name>
         <load_address>0x588</load_address>
         <run_address>0x588</run_address>
         <size>0x1ec</size>
         <input_file_ref idref="fl-10"/>
      </object_component>
      <object_component id="oc-15c">
         <name>.text:FlashCtl_programMemory</name>
         <load_address>0x774</load_address>
         <run_address>0x774</run_address>
         <size>0x162</size>
         <input_file_ref idref="fl-10"/>
      </object_component>
      <object_component id="oc-6d">
         <name>.text:Default_Handler</name>
         <load_address>0x8d6</load_address>
         <run_address>0x8d6</run_address>
         <size>0x2</size>
         <input_file_ref idref="fl-4"/>
      </object_component>
      <object_component id="oc-27f">
         <name>.text:__FlashCtl_remaskBurstDataPre</name>
         <load_address>0x8d8</load_address>
         <run_address>0x8d8</run_address>
         <size>0x134</size>
         <input_file_ref idref="fl-10"/>
      </object_component>
      <object_component id="oc-285">
         <name>.text:__FlashCtl_remaskBurstDataPost</name>
         <load_address>0xa0c</load_address>
         <run_address>0xa0c</run_address>
         <size>0x130</size>
         <input_file_ref idref="fl-10"/>
      </object_component>
      <object_component id="oc-eb">
         <name>.text:UART_initModule</name>
         <load_address>0xb3c</load_address>
         <run_address>0xb3c</run_address>
         <size>0x11c</size>
         <input_file_ref idref="fl-14"/>
      </object_component>
      <object_component id="oc-26c">
         <name>.text:__FlashCtl_remaskData32Pre</name>
         <load_address>0xc58</load_address>
         <run_address>0xc58</run_address>
         <size>0xd8</size>
         <input_file_ref idref="fl-10"/>
      </object_component>
      <object_component id="oc-272">
         <name>.text:__FlashCtl_remaskData32Post</name>
         <load_address>0xd30</load_address>
         <run_address>0xd30</run_address>
         <size>0xd4</size>
         <input_file_ref idref="fl-10"/>
      </object_component>
      <object_component id="oc-1e1">
         <name>.text:_FlashCtl_Program8</name>
         <load_address>0xe04</load_address>
         <run_address>0xe04</run_address>
         <size>0xc8</size>
         <input_file_ref idref="fl-10"/>
      </object_component>
      <object_component id="oc-1e7">
         <name>.text:_FlashCtl_Program32</name>
         <load_address>0xecc</load_address>
         <run_address>0xecc</run_address>
         <size>0xbc</size>
         <input_file_ref idref="fl-10"/>
      </object_component>
      <object_component id="oc-37">
         <name>.text</name>
         <load_address>0xf88</load_address>
         <run_address>0xf88</run_address>
         <size>0x9c</size>
         <input_file_ref idref="fl-d2"/>
      </object_component>
      <object_component id="oc-25f">
         <name>.text:__FlashCtl_remaskData8Pre</name>
         <load_address>0x1024</load_address>
         <run_address>0x1024</run_address>
         <size>0x8c</size>
         <input_file_ref idref="fl-10"/>
      </object_component>
      <object_component id="oc-9f">
         <name>.text:main</name>
         <load_address>0x10b0</load_address>
         <run_address>0x10b0</run_address>
         <size>0x88</size>
         <input_file_ref idref="fl-2"/>
      </object_component>
      <object_component id="oc-265">
         <name>.text:__FlashCtl_remaskData8Post</name>
         <load_address>0x1138</load_address>
         <run_address>0x1138</run_address>
         <size>0x84</size>
         <input_file_ref idref="fl-10"/>
      </object_component>
      <object_component id="oc-1d5">
         <name>.text:SysCtl_getTLVInfo</name>
         <load_address>0x11bc</load_address>
         <run_address>0x11bc</run_address>
         <size>0x80</size>
         <input_file_ref idref="fl-12"/>
      </object_component>
      <object_component id="oc-93">
         <name>.text</name>
         <load_address>0x123c</load_address>
         <run_address>0x123c</run_address>
         <size>0x7a</size>
         <input_file_ref idref="fl-d3"/>
      </object_component>
      <object_component id="oc-2d1">
         <name>.text:FlashCtl_setReadMode</name>
         <load_address>0x12b8</load_address>
         <run_address>0x12b8</run_address>
         <size>0x78</size>
         <input_file_ref idref="fl-10"/>
      </object_component>
      <object_component id="oc-b1">
         <name>.text:SystemInit</name>
         <load_address>0x1330</load_address>
         <run_address>0x1330</run_address>
         <size>0x78</size>
         <input_file_ref idref="fl-3"/>
      </object_component>
      <object_component id="oc-17">
         <name>.text:decompress:lzss:__TI_decompress_lzss</name>
         <load_address>0x13a8</load_address>
         <run_address>0x13a8</run_address>
         <size>0x68</size>
         <input_file_ref idref="fl-cd"/>
      </object_component>
      <object_component id="oc-b9">
         <name>.text:UART_getEnabledInterruptStatus</name>
         <load_address>0x1410</load_address>
         <run_address>0x1410</run_address>
         <size>0x64</size>
         <input_file_ref idref="fl-14"/>
      </object_component>
      <object_component id="oc-253">
         <name>.text:FlashCtl_clearProgramVerification</name>
         <load_address>0x1474</load_address>
         <run_address>0x1474</run_address>
         <size>0x4c</size>
         <input_file_ref idref="fl-10"/>
      </object_component>
      <object_component id="oc-24d">
         <name>.text:FlashCtl_setProgramVerification</name>
         <load_address>0x14c0</load_address>
         <run_address>0x14c0</run_address>
         <size>0x4c</size>
         <input_file_ref idref="fl-10"/>
      </object_component>
      <object_component id="oc-1c0">
         <name>.text:atoi</name>
         <load_address>0x150c</load_address>
         <run_address>0x150c</run_address>
         <size>0x4c</size>
         <input_file_ref idref="fl-ce"/>
      </object_component>
      <object_component id="oc-2cb">
         <name>.text:FlashCtl_setWaitState</name>
         <load_address>0x1558</load_address>
         <run_address>0x1558</run_address>
         <size>0x48</size>
         <input_file_ref idref="fl-10"/>
      </object_component>
      <object_component id="oc-73">
         <name>.text:EUSCIA0_IRQHandler</name>
         <load_address>0x15a0</load_address>
         <run_address>0x15a0</run_address>
         <size>0x44</size>
         <input_file_ref idref="fl-2"/>
      </object_component>
      <object_component id="oc-106">
         <name>.text:__TI_auto_init_nobinit_nopinit:__TI_auto_init_nobinit_nopinit</name>
         <load_address>0x15e4</load_address>
         <run_address>0x15e4</run_address>
         <size>0x44</size>
         <input_file_ref idref="fl-d4"/>
      </object_component>
      <object_component id="oc-1db">
         <name>.text:FlashCtl_enableWordProgramming</name>
         <load_address>0x1628</load_address>
         <run_address>0x1628</run_address>
         <size>0x38</size>
         <input_file_ref idref="fl-10"/>
      </object_component>
      <object_component id="oc-2c5">
         <name>.text:FlashCtl_getReadMode</name>
         <load_address>0x1660</load_address>
         <run_address>0x1660</run_address>
         <size>0x38</size>
         <input_file_ref idref="fl-10"/>
      </object_component>
      <object_component id="oc-2bf">
         <name>.text:FlashCtl_getWaitState</name>
         <load_address>0x1698</load_address>
         <run_address>0x1698</run_address>
         <size>0x38</size>
         <input_file_ref idref="fl-10"/>
      </object_component>
      <object_component id="oc-e5">
         <name>.text:CS_setDCOCenteredFrequency</name>
         <load_address>0x16d0</load_address>
         <run_address>0x16d0</run_address>
         <size>0x34</size>
         <input_file_ref idref="fl-f"/>
      </object_component>
      <object_component id="oc-55">
         <name>.text:_c_int00_noargs:_c_int00_noargs</name>
         <load_address>0x1704</load_address>
         <run_address>0x1704</run_address>
         <size>0x34</size>
         <input_file_ref idref="fl-d1"/>
      </object_component>
      <object_component id="oc-14a">
         <name>.text:writeToBuffer</name>
         <load_address>0x1738</load_address>
         <run_address>0x1738</run_address>
         <size>0x1c</size>
         <input_file_ref idref="fl-2"/>
      </object_component>
      <object_component id="oc-139">
         <name>.text:UART_getInterruptStatus</name>
         <load_address>0x1754</load_address>
         <run_address>0x1754</run_address>
         <size>0x18</size>
         <input_file_ref idref="fl-14"/>
      </object_component>
      <object_component id="oc-156">
         <name>.text:strcpy</name>
         <load_address>0x176c</load_address>
         <run_address>0x176c</run_address>
         <size>0x14</size>
         <input_file_ref idref="fl-d0"/>
      </object_component>
      <object_component id="oc-1cf">
         <name>.text:Interrupt_disableMaster</name>
         <load_address>0x1780</load_address>
         <run_address>0x1780</run_address>
         <size>0x10</size>
         <input_file_ref idref="fl-11"/>
      </object_component>
      <object_component id="oc-1f3">
         <name>.text:Interrupt_enableMaster</name>
         <load_address>0x1790</load_address>
         <run_address>0x1790</run_address>
         <size>0x10</size>
         <input_file_ref idref="fl-11"/>
      </object_component>
      <object_component id="oc-1d">
         <name>.text:decompress:none:__TI_decompress_none</name>
         <load_address>0x17a0</load_address>
         <run_address>0x17a0</run_address>
         <size>0xe</size>
         <input_file_ref idref="fl-cc"/>
      </object_component>
      <object_component id="oc-243">
         <name>.text:CPU_cpsid</name>
         <load_address>0x17ae</load_address>
         <run_address>0x17ae</run_address>
         <size>0xc</size>
         <input_file_ref idref="fl-15"/>
      </object_component>
      <object_component id="oc-28f">
         <name>.text:CPU_cpsie</name>
         <load_address>0x17ba</load_address>
         <run_address>0x17ba</run_address>
         <size>0xc</size>
         <input_file_ref idref="fl-15"/>
      </object_component>
      <object_component id="oc-1f9">
         <name>.text:FlashCtl_disableWordProgramming</name>
         <load_address>0x17c8</load_address>
         <run_address>0x17c8</run_address>
         <size>0xc</size>
         <input_file_ref idref="fl-10"/>
      </object_component>
      <object_component id="oc-259">
         <name>.text:FlashCtl_getInterruptStatus</name>
         <load_address>0x17d4</load_address>
         <run_address>0x17d4</run_address>
         <size>0xc</size>
         <input_file_ref idref="fl-10"/>
      </object_component>
      <object_component id="oc-67">
         <name>.text:Reset_Handler</name>
         <load_address>0x17e0</load_address>
         <run_address>0x17e0</run_address>
         <size>0xc</size>
         <input_file_ref idref="fl-4"/>
      </object_component>
      <object_component id="oc-279">
         <name>.text:SysCtl_getFlashSize</name>
         <load_address>0x17ec</load_address>
         <run_address>0x17ec</run_address>
         <size>0xc</size>
         <input_file_ref idref="fl-12"/>
      </object_component>
      <object_component id="oc-49">
         <name>.text:decompress:ZI:__TI_zero_init</name>
         <load_address>0x17f8</load_address>
         <run_address>0x17f8</run_address>
         <size>0xc</size>
         <input_file_ref idref="fl-cb"/>
      </object_component>
      <object_component id="oc-1c9">
         <name>.text:CPU_primask</name>
         <load_address>0x1804</load_address>
         <run_address>0x1804</run_address>
         <size>0xa</size>
         <input_file_ref idref="fl-15"/>
      </object_component>
      <object_component id="oc-99">
         <name>.text:_system_pre_init</name>
         <load_address>0x180e</load_address>
         <run_address>0x180e</run_address>
         <size>0x4</size>
         <input_file_ref idref="fl-d5"/>
      </object_component>
      <object_component id="oc-fa">
         <name>.text:abort:abort</name>
         <load_address>0x1812</load_address>
         <run_address>0x1812</run_address>
         <size>0x4</size>
         <input_file_ref idref="fl-d7"/>
      </object_component>
      <object_component id="oc-23b">
         <name>.const:.string:_ctypes_</name>
         <load_address>0x1818</load_address>
         <run_address>0x1818</run_address>
         <size>0x101</size>
         <input_file_ref idref="fl-cf"/>
      </object_component>
      <object_component id="oc-f1">
         <name>.const:uartConfig</name>
         <load_address>0x191c</load_address>
         <run_address>0x191c</run_address>
         <size>0x28</size>
         <input_file_ref idref="fl-2"/>
      </object_component>
      <object_component id="oc-318">
         <name>.cinit..data.load</name>
         <load_address>0x1948</load_address>
         <run_address>0x1948</run_address>
         <size>0x46</size>
      </object_component>
      <object_component id="oc-316">
         <name>__TI_handler_table</name>
         <load_address>0x1990</load_address>
         <run_address>0x1990</run_address>
         <size>0xc</size>
      </object_component>
      <object_component id="oc-319">
         <name>.cinit..bss.load</name>
         <load_address>0x19a0</load_address>
         <run_address>0x19a0</run_address>
         <size>0x8</size>
      </object_component>
      <object_component id="oc-317">
         <name>__TI_cinit_table</name>
         <load_address>0x19a8</load_address>
         <run_address>0x19a8</run_address>
         <size>0x10</size>
      </object_component>
      <object_component id="oc-2ea">
         <name>.binit</name>
         <load_address>0x0</load_address>
         <run_address>0x0</run_address>
         <size>0x0</size>
      </object_component>
      <object_component id="oc-162">
         <name>.data</name>
         <load_address>0x2000be5c</load_address>
         <run_address>0x2000be5c</run_address>
         <size>0x38</size>
         <input_file_ref idref="fl-2"/>
      </object_component>
      <object_component id="oc-28b">
         <name>.data:__getBurstProgramRegs</name>
         <load_address>0x2000be1c</load_address>
         <run_address>0x2000be1c</run_address>
         <size>0x40</size>
         <input_file_ref idref="fl-10"/>
      </object_component>
      <object_component id="oc-167">
         <name>.common:dictionary</name>
         <uninitialized>true</uninitialized>
         <run_address>0x2000bb80</run_address>
         <size>0x280</size>
      </object_component>
      <object_component id="oc-c5">
         <name>.common:base</name>
         <uninitialized>true</uninitialized>
         <run_address>0x2000be18</run_address>
         <size>0x1</size>
      </object_component>
      <object_component id="oc-169">
         <name>.common:data</name>
         <uninitialized>true</uninitialized>
         <run_address>0x20007d00</run_address>
         <size>0x1f40</size>
      </object_component>
      <object_component id="oc-166">
         <name>.common:word</name>
         <uninitialized>true</uninitialized>
         <run_address>0x2000be00</run_address>
         <size>0x8</size>
      </object_component>
      <object_component id="oc-16a">
         <name>.common:image</name>
         <uninitialized>true</uninitialized>
         <run_address>0x20009c40</run_address>
         <size>0x1f40</size>
      </object_component>
      <object_component id="oc-165">
         <name>.common:imageType</name>
         <uninitialized>true</uninitialized>
         <run_address>0x2000be10</run_address>
         <size>0x4</size>
      </object_component>
      <object_component id="oc-16b">
         <name>.common:imageSizeTemp</name>
         <uninitialized>true</uninitialized>
         <run_address>0x2000be0c</run_address>
         <size>0x4</size>
      </object_component>
      <object_component id="oc-16c">
         <name>.common:imageWidthTemp</name>
         <uninitialized>true</uninitialized>
         <run_address>0x2000be14</run_address>
         <size>0x4</size>
      </object_component>
      <object_component id="oc-16d">
         <name>.common:imageHeightTemp</name>
         <uninitialized>true</uninitialized>
         <run_address>0x2000be08</run_address>
         <size>0x4</size>
      </object_component>
      <object_component id="oc-168">
         <name>.common:imageArray</name>
         <uninitialized>true</uninitialized>
         <run_address>0x20000000</run_address>
         <size>0x7d00</size>
      </object_component>
      <object_component id="oc-29">
         <name>.stack</name>
         <uninitialized>true</uninitialized>
         <run_address>0x2000fe00</run_address>
         <size>0x4</size>
         <input_file_ref idref="fl-d1"/>
      </object_component>
      <object_component id="oc-31b">
         <name>.stack</name>
         <uninitialized>true</uninitialized>
         <run_address>0x2000fe00</run_address>
         <size>0x0</size>
      </object_component>
      <object_component id="oc-c6">
         <name>.debug_info</name>
         <load_address>0x0</load_address>
         <run_address>0x0</run_address>
         <size>0x8c6</size>
         <input_file_ref idref="fl-2"/>
      </object_component>
      <object_component id="oc-163">
         <name>.debug_info</name>
         <load_address>0x8c6</load_address>
         <run_address>0x8c6</run_address>
         <size>0x30f</size>
         <input_file_ref idref="fl-2"/>
      </object_component>
      <object_component id="oc-f2">
         <name>.debug_info</name>
         <load_address>0xbd5</load_address>
         <run_address>0xbd5</run_address>
         <size>0xe7</size>
         <input_file_ref idref="fl-2"/>
      </object_component>
      <object_component id="oc-14b">
         <name>.debug_info</name>
         <load_address>0xcbc</load_address>
         <run_address>0xcbc</run_address>
         <size>0x17f</size>
         <input_file_ref idref="fl-2"/>
      </object_component>
      <object_component id="oc-151">
         <name>.debug_info</name>
         <load_address>0xe3b</load_address>
         <run_address>0xe3b</run_address>
         <size>0x1f2</size>
         <input_file_ref idref="fl-2"/>
      </object_component>
      <object_component id="oc-c0">
         <name>.debug_info</name>
         <load_address>0x102d</load_address>
         <run_address>0x102d</run_address>
         <size>0x20f</size>
         <input_file_ref idref="fl-2"/>
      </object_component>
      <object_component id="oc-a0">
         <name>.debug_info</name>
         <load_address>0x123c</load_address>
         <run_address>0x123c</run_address>
         <size>0x174</size>
         <input_file_ref idref="fl-2"/>
      </object_component>
      <object_component id="oc-74">
         <name>.debug_info</name>
         <load_address>0x13b0</load_address>
         <run_address>0x13b0</run_address>
         <size>0x17e</size>
         <input_file_ref idref="fl-2"/>
      </object_component>
      <object_component id="oc-d0">
         <name>.debug_info</name>
         <load_address>0x152e</load_address>
         <run_address>0x152e</run_address>
         <size>0x26b</size>
         <input_file_ref idref="fl-2"/>
      </object_component>
      <object_component id="oc-17b">
         <name>.debug_info</name>
         <load_address>0x1799</load_address>
         <run_address>0x1799</run_address>
         <size>0x1028</size>
         <input_file_ref idref="fl-2"/>
      </object_component>
      <object_component id="oc-176">
         <name>.debug_info</name>
         <load_address>0x27c1</load_address>
         <run_address>0x27c1</run_address>
         <size>0x37e2</size>
         <input_file_ref idref="fl-2"/>
      </object_component>
      <object_component id="oc-f5">
         <name>.debug_info</name>
         <load_address>0x5fa3</load_address>
         <run_address>0x5fa3</run_address>
         <size>0x8b</size>
         <input_file_ref idref="fl-2"/>
      </object_component>
      <object_component id="oc-18f">
         <name>.debug_info</name>
         <load_address>0x602e</load_address>
         <run_address>0x602e</run_address>
         <size>0x2a4</size>
         <input_file_ref idref="fl-2"/>
      </object_component>
      <object_component id="oc-18a">
         <name>.debug_info</name>
         <load_address>0x62d2</load_address>
         <run_address>0x62d2</run_address>
         <size>0xef</size>
         <input_file_ref idref="fl-2"/>
      </object_component>
      <object_component id="oc-c9">
         <name>.debug_info</name>
         <load_address>0x63c1</load_address>
         <run_address>0x63c1</run_address>
         <size>0xbb</size>
         <input_file_ref idref="fl-2"/>
      </object_component>
      <object_component id="oc-180">
         <name>.debug_info</name>
         <load_address>0x647c</load_address>
         <run_address>0x647c</run_address>
         <size>0x102</size>
         <input_file_ref idref="fl-2"/>
      </object_component>
      <object_component id="oc-185">
         <name>.debug_info</name>
         <load_address>0x657e</load_address>
         <run_address>0x657e</run_address>
         <size>0x35</size>
         <input_file_ref idref="fl-2"/>
      </object_component>
      <object_component id="oc-16f">
         <name>.debug_info</name>
         <load_address>0x65b3</load_address>
         <run_address>0x65b3</run_address>
         <size>0x97</size>
         <input_file_ref idref="fl-2"/>
      </object_component>
      <object_component id="oc-b2">
         <name>.debug_info</name>
         <load_address>0x664a</load_address>
         <run_address>0x664a</run_address>
         <size>0x13d</size>
         <input_file_ref idref="fl-3"/>
      </object_component>
      <object_component id="oc-32">
         <name>.debug_info</name>
         <load_address>0x6787</load_address>
         <run_address>0x6787</run_address>
         <size>0x84</size>
         <input_file_ref idref="fl-3"/>
      </object_component>
      <object_component id="oc-7b">
         <name>.debug_info</name>
         <load_address>0x680b</load_address>
         <run_address>0x680b</run_address>
         <size>0x2dd</size>
         <input_file_ref idref="fl-4"/>
      </object_component>
      <object_component id="oc-27">
         <name>.debug_info</name>
         <load_address>0x6ae8</load_address>
         <run_address>0x6ae8</run_address>
         <size>0x109</size>
         <input_file_ref idref="fl-4"/>
      </object_component>
      <object_component id="oc-68">
         <name>.debug_info</name>
         <load_address>0x6bf1</load_address>
         <run_address>0x6bf1</run_address>
         <size>0x16c</size>
         <input_file_ref idref="fl-4"/>
      </object_component>
      <object_component id="oc-6f">
         <name>.debug_info</name>
         <load_address>0x6d5d</load_address>
         <run_address>0x6d5d</run_address>
         <size>0x154</size>
         <input_file_ref idref="fl-4"/>
      </object_component>
      <object_component id="oc-23a">
         <name>.debug_info</name>
         <load_address>0x6eb1</load_address>
         <run_address>0x6eb1</run_address>
         <size>0x807</size>
         <input_file_ref idref="fl-f"/>
      </object_component>
      <object_component id="oc-e6">
         <name>.debug_info</name>
         <load_address>0x76b8</load_address>
         <run_address>0x76b8</run_address>
         <size>0x1e5</size>
         <input_file_ref idref="fl-f"/>
      </object_component>
      <object_component id="oc-205">
         <name>.debug_info</name>
         <load_address>0x789d</load_address>
         <run_address>0x789d</run_address>
         <size>0x431a</size>
         <input_file_ref idref="fl-f"/>
      </object_component>
      <object_component id="oc-2af">
         <name>.debug_info</name>
         <load_address>0xbbb7</load_address>
         <run_address>0xbbb7</run_address>
         <size>0x1b5</size>
         <input_file_ref idref="fl-f"/>
      </object_component>
      <object_component id="oc-20f">
         <name>.debug_info</name>
         <load_address>0xbd6c</load_address>
         <run_address>0xbd6c</run_address>
         <size>0x26b</size>
         <input_file_ref idref="fl-f"/>
      </object_component>
      <object_component id="oc-20a">
         <name>.debug_info</name>
         <load_address>0xbfd7</load_address>
         <run_address>0xbfd7</run_address>
         <size>0x1028</size>
         <input_file_ref idref="fl-f"/>
      </object_component>
      <object_component id="oc-1ba">
         <name>.debug_info</name>
         <load_address>0xcfff</load_address>
         <run_address>0xcfff</run_address>
         <size>0x297</size>
         <input_file_ref idref="fl-f"/>
      </object_component>
      <object_component id="oc-140">
         <name>.debug_info</name>
         <load_address>0xd296</load_address>
         <run_address>0xd296</run_address>
         <size>0xef</size>
         <input_file_ref idref="fl-f"/>
      </object_component>
      <object_component id="oc-145">
         <name>.debug_info</name>
         <load_address>0xd385</load_address>
         <run_address>0xd385</run_address>
         <size>0xbb</size>
         <input_file_ref idref="fl-f"/>
      </object_component>
      <object_component id="oc-200">
         <name>.debug_info</name>
         <load_address>0xd440</load_address>
         <run_address>0xd440</run_address>
         <size>0x816</size>
         <input_file_ref idref="fl-10"/>
      </object_component>
      <object_component id="oc-28c">
         <name>.debug_info</name>
         <load_address>0xdc56</load_address>
         <run_address>0xdc56</run_address>
         <size>0x13e</size>
         <input_file_ref idref="fl-10"/>
      </object_component>
      <object_component id="oc-1e2">
         <name>.debug_info</name>
         <load_address>0xdd94</load_address>
         <run_address>0xdd94</run_address>
         <size>0x33c</size>
         <input_file_ref idref="fl-10"/>
      </object_component>
      <object_component id="oc-1e8">
         <name>.debug_info</name>
         <load_address>0xe0d0</load_address>
         <run_address>0xe0d0</run_address>
         <size>0x341</size>
         <input_file_ref idref="fl-10"/>
      </object_component>
      <object_component id="oc-1ee">
         <name>.debug_info</name>
         <load_address>0xe411</load_address>
         <run_address>0xe411</run_address>
         <size>0x3cd</size>
         <input_file_ref idref="fl-10"/>
      </object_component>
      <object_component id="oc-2d2">
         <name>.debug_info</name>
         <load_address>0xe7de</load_address>
         <run_address>0xe7de</run_address>
         <size>0x222</size>
         <input_file_ref idref="fl-10"/>
      </object_component>
      <object_component id="oc-2c6">
         <name>.debug_info</name>
         <load_address>0xea00</load_address>
         <run_address>0xea00</run_address>
         <size>0x1ef</size>
         <input_file_ref idref="fl-10"/>
      </object_component>
      <object_component id="oc-15d">
         <name>.debug_info</name>
         <load_address>0xebef</load_address>
         <run_address>0xebef</run_address>
         <size>0x44f</size>
         <input_file_ref idref="fl-10"/>
      </object_component>
      <object_component id="oc-24e">
         <name>.debug_info</name>
         <load_address>0xf03e</load_address>
         <run_address>0xf03e</run_address>
         <size>0x229</size>
         <input_file_ref idref="fl-10"/>
      </object_component>
      <object_component id="oc-254">
         <name>.debug_info</name>
         <load_address>0xf267</load_address>
         <run_address>0xf267</run_address>
         <size>0x22d</size>
         <input_file_ref idref="fl-10"/>
      </object_component>
      <object_component id="oc-1dc">
         <name>.debug_info</name>
         <load_address>0xf494</load_address>
         <run_address>0xf494</run_address>
         <size>0x1eb</size>
         <input_file_ref idref="fl-10"/>
      </object_component>
      <object_component id="oc-1fa">
         <name>.debug_info</name>
         <load_address>0xf67f</load_address>
         <run_address>0xf67f</run_address>
         <size>0x1ca</size>
         <input_file_ref idref="fl-10"/>
      </object_component>
      <object_component id="oc-2cc">
         <name>.debug_info</name>
         <load_address>0xf849</load_address>
         <run_address>0xf849</run_address>
         <size>0x224</size>
         <input_file_ref idref="fl-10"/>
      </object_component>
      <object_component id="oc-2c0">
         <name>.debug_info</name>
         <load_address>0xfa6d</load_address>
         <run_address>0xfa6d</run_address>
         <size>0x1f1</size>
         <input_file_ref idref="fl-10"/>
      </object_component>
      <object_component id="oc-25b">
         <name>.debug_info</name>
         <load_address>0xfc5e</load_address>
         <run_address>0xfc5e</run_address>
         <size>0x1c6</size>
         <input_file_ref idref="fl-10"/>
      </object_component>
      <object_component id="oc-267">
         <name>.debug_info</name>
         <load_address>0xfe24</load_address>
         <run_address>0xfe24</run_address>
         <size>0x35b</size>
         <input_file_ref idref="fl-10"/>
      </object_component>
      <object_component id="oc-261">
         <name>.debug_info</name>
         <load_address>0x1017f</load_address>
         <run_address>0x1017f</run_address>
         <size>0x359</size>
         <input_file_ref idref="fl-10"/>
      </object_component>
      <object_component id="oc-274">
         <name>.debug_info</name>
         <load_address>0x104d8</load_address>
         <run_address>0x104d8</run_address>
         <size>0x474</size>
         <input_file_ref idref="fl-10"/>
      </object_component>
      <object_component id="oc-26e">
         <name>.debug_info</name>
         <load_address>0x1094c</load_address>
         <run_address>0x1094c</run_address>
         <size>0x472</size>
         <input_file_ref idref="fl-10"/>
      </object_component>
      <object_component id="oc-280">
         <name>.debug_info</name>
         <load_address>0x10dbe</load_address>
         <run_address>0x10dbe</run_address>
         <size>0x4b8</size>
         <input_file_ref idref="fl-10"/>
      </object_component>
      <object_component id="oc-287">
         <name>.debug_info</name>
         <load_address>0x11276</load_address>
         <run_address>0x11276</run_address>
         <size>0x4ba</size>
         <input_file_ref idref="fl-10"/>
      </object_component>
      <object_component id="oc-299">
         <name>.debug_info</name>
         <load_address>0x11730</load_address>
         <run_address>0x11730</run_address>
         <size>0x1b5</size>
         <input_file_ref idref="fl-10"/>
      </object_component>
      <object_component id="oc-1f6">
         <name>.debug_info</name>
         <load_address>0x118e5</load_address>
         <run_address>0x118e5</run_address>
         <size>0x1d5</size>
         <input_file_ref idref="fl-11"/>
      </object_component>
      <object_component id="oc-1d2">
         <name>.debug_info</name>
         <load_address>0x11aba</load_address>
         <run_address>0x11aba</run_address>
         <size>0x1d7</size>
         <input_file_ref idref="fl-11"/>
      </object_component>
      <object_component id="oc-24b">
         <name>.debug_info</name>
         <load_address>0x11c91</load_address>
         <run_address>0x11c91</run_address>
         <size>0x5c7</size>
         <input_file_ref idref="fl-12"/>
      </object_component>
      <object_component id="oc-1d7">
         <name>.debug_info</name>
         <load_address>0x12258</load_address>
         <run_address>0x12258</run_address>
         <size>0x28e</size>
         <input_file_ref idref="fl-12"/>
      </object_component>
      <object_component id="oc-27b">
         <name>.debug_info</name>
         <load_address>0x124e6</load_address>
         <run_address>0x124e6</run_address>
         <size>0x1b6</size>
         <input_file_ref idref="fl-12"/>
      </object_component>
      <object_component id="oc-196">
         <name>.debug_info</name>
         <load_address>0x1269c</load_address>
         <run_address>0x1269c</run_address>
         <size>0x6eb</size>
         <input_file_ref idref="fl-14"/>
      </object_component>
      <object_component id="oc-ed">
         <name>.debug_info</name>
         <load_address>0x12d87</load_address>
         <run_address>0x12d87</run_address>
         <size>0x234</size>
         <input_file_ref idref="fl-14"/>
      </object_component>
      <object_component id="oc-13a">
         <name>.debug_info</name>
         <load_address>0x12fbb</load_address>
         <run_address>0x12fbb</run_address>
         <size>0x229</size>
         <input_file_ref idref="fl-14"/>
      </object_component>
      <object_component id="oc-ba">
         <name>.debug_info</name>
         <load_address>0x131e4</load_address>
         <run_address>0x131e4</run_address>
         <size>0x26c</size>
         <input_file_ref idref="fl-14"/>
      </object_component>
      <object_component id="oc-214">
         <name>.debug_info</name>
         <load_address>0x13450</load_address>
         <run_address>0x13450</run_address>
         <size>0x102</size>
         <input_file_ref idref="fl-14"/>
      </object_component>
      <object_component id="oc-245">
         <name>.debug_info</name>
         <load_address>0x13552</load_address>
         <run_address>0x13552</run_address>
         <size>0x199</size>
         <input_file_ref idref="fl-15"/>
      </object_component>
      <object_component id="oc-1cb">
         <name>.debug_info</name>
         <load_address>0x136eb</load_address>
         <run_address>0x136eb</run_address>
         <size>0x19d</size>
         <input_file_ref idref="fl-15"/>
      </object_component>
      <object_component id="oc-291">
         <name>.debug_info</name>
         <load_address>0x13888</load_address>
         <run_address>0x13888</run_address>
         <size>0x19a</size>
         <input_file_ref idref="fl-15"/>
      </object_component>
      <object_component id="oc-92">
         <name>.debug_info</name>
         <load_address>0x13a22</load_address>
         <run_address>0x13a22</run_address>
         <size>0x2d4</size>
         <input_file_ref idref="fl-cb"/>
      </object_component>
      <object_component id="oc-4d">
         <name>.debug_info</name>
         <load_address>0x13cf6</load_address>
         <run_address>0x13cf6</run_address>
         <size>0x1b5</size>
         <input_file_ref idref="fl-cb"/>
      </object_component>
      <object_component id="oc-8d">
         <name>.debug_info</name>
         <load_address>0x13eab</load_address>
         <run_address>0x13eab</run_address>
         <size>0x46</size>
         <input_file_ref idref="fl-cb"/>
      </object_component>
      <object_component id="oc-dc">
         <name>.debug_info</name>
         <load_address>0x13ef1</load_address>
         <run_address>0x13ef1</run_address>
         <size>0x2c</size>
         <input_file_ref idref="fl-cb"/>
      </object_component>
      <object_component id="oc-42">
         <name>.debug_info</name>
         <load_address>0x13f1d</load_address>
         <run_address>0x13f1d</run_address>
         <size>0x2a8</size>
         <input_file_ref idref="fl-cc"/>
      </object_component>
      <object_component id="oc-1e">
         <name>.debug_info</name>
         <load_address>0x141c5</load_address>
         <run_address>0x141c5</run_address>
         <size>0x1ea</size>
         <input_file_ref idref="fl-cc"/>
      </object_component>
      <object_component id="oc-3d">
         <name>.debug_info</name>
         <load_address>0x143af</load_address>
         <run_address>0x143af</run_address>
         <size>0x46</size>
         <input_file_ref idref="fl-cc"/>
      </object_component>
      <object_component id="oc-85">
         <name>.debug_info</name>
         <load_address>0x143f5</load_address>
         <run_address>0x143f5</run_address>
         <size>0x2c</size>
         <input_file_ref idref="fl-cc"/>
      </object_component>
      <object_component id="oc-83">
         <name>.debug_info</name>
         <load_address>0x14421</load_address>
         <run_address>0x14421</run_address>
         <size>0x29e</size>
         <input_file_ref idref="fl-cd"/>
      </object_component>
      <object_component id="oc-18">
         <name>.debug_info</name>
         <load_address>0x146bf</load_address>
         <run_address>0x146bf</run_address>
         <size>0x250</size>
         <input_file_ref idref="fl-cd"/>
      </object_component>
      <object_component id="oc-2d">
         <name>.debug_info</name>
         <load_address>0x1490f</load_address>
         <run_address>0x1490f</run_address>
         <size>0x60</size>
         <input_file_ref idref="fl-cd"/>
      </object_component>
      <object_component id="oc-d5">
         <name>.debug_info</name>
         <load_address>0x1496f</load_address>
         <run_address>0x1496f</run_address>
         <size>0x46</size>
         <input_file_ref idref="fl-cd"/>
      </object_component>
      <object_component id="oc-7e">
         <name>.debug_info</name>
         <load_address>0x149b5</load_address>
         <run_address>0x149b5</run_address>
         <size>0x39</size>
         <input_file_ref idref="fl-cd"/>
      </object_component>
      <object_component id="oc-23f">
         <name>.debug_info</name>
         <load_address>0x149ee</load_address>
         <run_address>0x149ee</run_address>
         <size>0x2b9</size>
         <input_file_ref idref="fl-ce"/>
      </object_component>
      <object_component id="oc-1c4">
         <name>.debug_info</name>
         <load_address>0x14ca7</load_address>
         <run_address>0x14ca7</run_address>
         <size>0x17c</size>
         <input_file_ref idref="fl-ce"/>
      </object_component>
      <object_component id="oc-2b6">
         <name>.debug_info</name>
         <load_address>0x14e23</load_address>
         <run_address>0x14e23</run_address>
         <size>0xf9</size>
         <input_file_ref idref="fl-cf"/>
      </object_component>
      <object_component id="oc-23c">
         <name>.debug_info</name>
         <load_address>0x14f1c</load_address>
         <run_address>0x14f1c</run_address>
         <size>0x105</size>
         <input_file_ref idref="fl-cf"/>
      </object_component>
      <object_component id="oc-1c8">
         <name>.debug_info</name>
         <load_address>0x15021</load_address>
         <run_address>0x15021</run_address>
         <size>0x2a4</size>
         <input_file_ref idref="fl-d0"/>
      </object_component>
      <object_component id="oc-159">
         <name>.debug_info</name>
         <load_address>0x152c5</load_address>
         <run_address>0x152c5</run_address>
         <size>0x24d</size>
         <input_file_ref idref="fl-d0"/>
      </object_component>
      <object_component id="oc-2a">
         <name>.debug_info</name>
         <load_address>0x15512</load_address>
         <run_address>0x15512</run_address>
         <size>0x10b</size>
         <input_file_ref idref="fl-d1"/>
      </object_component>
      <object_component id="oc-56">
         <name>.debug_info</name>
         <load_address>0x1561d</load_address>
         <run_address>0x1561d</run_address>
         <size>0x1a9</size>
         <input_file_ref idref="fl-d1"/>
      </object_component>
      <object_component id="oc-39">
         <name>.debug_info</name>
         <load_address>0x157c6</load_address>
         <run_address>0x157c6</run_address>
         <size>0x119</size>
         <input_file_ref idref="fl-d2"/>
      </object_component>
      <object_component id="oc-94">
         <name>.debug_info</name>
         <load_address>0x158df</load_address>
         <run_address>0x158df</run_address>
         <size>0x147</size>
         <input_file_ref idref="fl-d3"/>
      </object_component>
      <object_component id="oc-1a4">
         <name>.debug_info</name>
         <load_address>0x15a26</load_address>
         <run_address>0x15a26</run_address>
         <size>0x4b3</size>
         <input_file_ref idref="fl-d4"/>
      </object_component>
      <object_component id="oc-107">
         <name>.debug_info</name>
         <load_address>0x15ed9</load_address>
         <run_address>0x15ed9</run_address>
         <size>0x1a6</size>
         <input_file_ref idref="fl-d4"/>
      </object_component>
      <object_component id="oc-229">
         <name>.debug_info</name>
         <load_address>0x1607f</load_address>
         <run_address>0x1607f</run_address>
         <size>0x39</size>
         <input_file_ref idref="fl-d4"/>
      </object_component>
      <object_component id="oc-2a1">
         <name>.debug_info</name>
         <load_address>0x160b8</load_address>
         <run_address>0x160b8</run_address>
         <size>0x39</size>
         <input_file_ref idref="fl-d4"/>
      </object_component>
      <object_component id="oc-22e">
         <name>.debug_info</name>
         <load_address>0x160f1</load_address>
         <run_address>0x160f1</run_address>
         <size>0x39</size>
         <input_file_ref idref="fl-d4"/>
      </object_component>
      <object_component id="oc-233">
         <name>.debug_info</name>
         <load_address>0x1612a</load_address>
         <run_address>0x1612a</run_address>
         <size>0xcd</size>
         <input_file_ref idref="fl-d4"/>
      </object_component>
      <object_component id="oc-9a">
         <name>.debug_info</name>
         <load_address>0x161f7</load_address>
         <run_address>0x161f7</run_address>
         <size>0x153</size>
         <input_file_ref idref="fl-d5"/>
      </object_component>
      <object_component id="oc-fb">
         <name>.debug_info</name>
         <load_address>0x1634a</load_address>
         <run_address>0x1634a</run_address>
         <size>0x122</size>
         <input_file_ref idref="fl-d7"/>
      </object_component>
      <object_component id="oc-31c">
         <name>.debug_info</name>
         <load_address>0x1646c</load_address>
         <run_address>0x1646c</run_address>
         <size>0xb1</size>
      </object_component>
      <object_component id="oc-175">
         <name>.debug_line</name>
         <load_address>0x0</load_address>
         <run_address>0x0</run_address>
         <size>0x1d0</size>
         <input_file_ref idref="fl-2"/>
      </object_component>
      <object_component id="oc-202">
         <name>.debug_line</name>
         <load_address>0x1d0</load_address>
         <run_address>0x1d0</run_address>
         <size>0x2d</size>
         <input_file_ref idref="fl-2"/>
      </object_component>
      <object_component id="oc-198">
         <name>.debug_line</name>
         <load_address>0x1fd</load_address>
         <run_address>0x1fd</run_address>
         <size>0x2d</size>
         <input_file_ref idref="fl-2"/>
      </object_component>
      <object_component id="oc-14e">
         <name>.debug_line</name>
         <load_address>0x22a</load_address>
         <run_address>0x22a</run_address>
         <size>0x45</size>
         <input_file_ref idref="fl-2"/>
      </object_component>
      <object_component id="oc-155">
         <name>.debug_line</name>
         <load_address>0x26f</load_address>
         <run_address>0x26f</run_address>
         <size>0xe1</size>
         <input_file_ref idref="fl-2"/>
      </object_component>
      <object_component id="oc-c4">
         <name>.debug_line</name>
         <load_address>0x350</load_address>
         <run_address>0x350</run_address>
         <size>0xc6</size>
         <input_file_ref idref="fl-2"/>
      </object_component>
      <object_component id="oc-a4">
         <name>.debug_line</name>
         <load_address>0x416</load_address>
         <run_address>0x416</run_address>
         <size>0x53</size>
         <input_file_ref idref="fl-2"/>
      </object_component>
      <object_component id="oc-78">
         <name>.debug_line</name>
         <load_address>0x469</load_address>
         <run_address>0x469</run_address>
         <size>0x4f</size>
         <input_file_ref idref="fl-2"/>
      </object_component>
      <object_component id="oc-d3">
         <name>.debug_line</name>
         <load_address>0x4b8</load_address>
         <run_address>0x4b8</run_address>
         <size>0x6f</size>
         <input_file_ref idref="fl-2"/>
      </object_component>
      <object_component id="oc-17e">
         <name>.debug_line</name>
         <load_address>0x527</load_address>
         <run_address>0x527</run_address>
         <size>0x78</size>
         <input_file_ref idref="fl-2"/>
      </object_component>
      <object_component id="oc-179">
         <name>.debug_line</name>
         <load_address>0x59f</load_address>
         <run_address>0x59f</run_address>
         <size>0x7b</size>
         <input_file_ref idref="fl-2"/>
      </object_component>
      <object_component id="oc-f8">
         <name>.debug_line</name>
         <load_address>0x61a</load_address>
         <run_address>0x61a</run_address>
         <size>0x20</size>
         <input_file_ref idref="fl-2"/>
      </object_component>
      <object_component id="oc-192">
         <name>.debug_line</name>
         <load_address>0x63a</load_address>
         <run_address>0x63a</run_address>
         <size>0x73</size>
         <input_file_ref idref="fl-2"/>
      </object_component>
      <object_component id="oc-18d">
         <name>.debug_line</name>
         <load_address>0x6ad</load_address>
         <run_address>0x6ad</run_address>
         <size>0x6f</size>
         <input_file_ref idref="fl-2"/>
      </object_component>
      <object_component id="oc-cc">
         <name>.debug_line</name>
         <load_address>0x71c</load_address>
         <run_address>0x71c</run_address>
         <size>0x70</size>
         <input_file_ref idref="fl-2"/>
      </object_component>
      <object_component id="oc-183">
         <name>.debug_line</name>
         <load_address>0x78c</load_address>
         <run_address>0x78c</run_address>
         <size>0x7a</size>
         <input_file_ref idref="fl-2"/>
      </object_component>
      <object_component id="oc-188">
         <name>.debug_line</name>
         <load_address>0x806</load_address>
         <run_address>0x806</run_address>
         <size>0x74</size>
         <input_file_ref idref="fl-2"/>
      </object_component>
      <object_component id="oc-172">
         <name>.debug_line</name>
         <load_address>0x87a</load_address>
         <run_address>0x87a</run_address>
         <size>0x2d</size>
         <input_file_ref idref="fl-2"/>
      </object_component>
      <object_component id="oc-b6">
         <name>.debug_line</name>
         <load_address>0x8a7</load_address>
         <run_address>0x8a7</run_address>
         <size>0x66</size>
         <input_file_ref idref="fl-3"/>
      </object_component>
      <object_component id="oc-35">
         <name>.debug_line</name>
         <load_address>0x90d</load_address>
         <run_address>0x90d</run_address>
         <size>0x20</size>
         <input_file_ref idref="fl-3"/>
      </object_component>
      <object_component id="oc-cf">
         <name>.debug_line</name>
         <load_address>0x92d</load_address>
         <run_address>0x92d</run_address>
         <size>0x44</size>
         <input_file_ref idref="fl-4"/>
      </object_component>
      <object_component id="oc-7a">
         <name>.debug_line</name>
         <load_address>0x971</load_address>
         <run_address>0x971</run_address>
         <size>0x44</size>
         <input_file_ref idref="fl-4"/>
      </object_component>
      <object_component id="oc-6b">
         <name>.debug_line</name>
         <load_address>0x9b5</load_address>
         <run_address>0x9b5</run_address>
         <size>0x5d</size>
         <input_file_ref idref="fl-4"/>
      </object_component>
      <object_component id="oc-6e">
         <name>.debug_line</name>
         <load_address>0xa12</load_address>
         <run_address>0xa12</run_address>
         <size>0x59</size>
         <input_file_ref idref="fl-4"/>
      </object_component>
      <object_component id="oc-2ae">
         <name>.debug_line</name>
         <load_address>0xa6b</load_address>
         <run_address>0xa6b</run_address>
         <size>0x8b</size>
         <input_file_ref idref="fl-f"/>
      </object_component>
      <object_component id="oc-e9">
         <name>.debug_line</name>
         <load_address>0xaf6</load_address>
         <run_address>0xaf6</run_address>
         <size>0x69</size>
         <input_file_ref idref="fl-f"/>
      </object_component>
      <object_component id="oc-208">
         <name>.debug_line</name>
         <load_address>0xb5f</load_address>
         <run_address>0xb5f</run_address>
         <size>0x51</size>
         <input_file_ref idref="fl-f"/>
      </object_component>
      <object_component id="oc-2b2">
         <name>.debug_line</name>
         <load_address>0xbb0</load_address>
         <run_address>0xbb0</run_address>
         <size>0x55</size>
         <input_file_ref idref="fl-f"/>
      </object_component>
      <object_component id="oc-212">
         <name>.debug_line</name>
         <load_address>0xc05</load_address>
         <run_address>0xc05</run_address>
         <size>0x51</size>
         <input_file_ref idref="fl-f"/>
      </object_component>
      <object_component id="oc-20d">
         <name>.debug_line</name>
         <load_address>0xc56</load_address>
         <run_address>0xc56</run_address>
         <size>0x4f</size>
         <input_file_ref idref="fl-f"/>
      </object_component>
      <object_component id="oc-1bd">
         <name>.debug_line</name>
         <load_address>0xca5</load_address>
         <run_address>0xca5</run_address>
         <size>0x55</size>
         <input_file_ref idref="fl-f"/>
      </object_component>
      <object_component id="oc-143">
         <name>.debug_line</name>
         <load_address>0xcfa</load_address>
         <run_address>0xcfa</run_address>
         <size>0x51</size>
         <input_file_ref idref="fl-f"/>
      </object_component>
      <object_component id="oc-148">
         <name>.debug_line</name>
         <load_address>0xd4b</load_address>
         <run_address>0xd4b</run_address>
         <size>0x52</size>
         <input_file_ref idref="fl-f"/>
      </object_component>
      <object_component id="oc-298">
         <name>.debug_line</name>
         <load_address>0xd9d</load_address>
         <run_address>0xd9d</run_address>
         <size>0xb9</size>
         <input_file_ref idref="fl-10"/>
      </object_component>
      <object_component id="oc-2df">
         <name>.debug_line</name>
         <load_address>0xe56</load_address>
         <run_address>0xe56</run_address>
         <size>0x52</size>
         <input_file_ref idref="fl-10"/>
      </object_component>
      <object_component id="oc-1e5">
         <name>.debug_line</name>
         <load_address>0xea8</load_address>
         <run_address>0xea8</run_address>
         <size>0xb2</size>
         <input_file_ref idref="fl-10"/>
      </object_component>
      <object_component id="oc-1eb">
         <name>.debug_line</name>
         <load_address>0xf5a</load_address>
         <run_address>0xf5a</run_address>
         <size>0xba</size>
         <input_file_ref idref="fl-10"/>
      </object_component>
      <object_component id="oc-1f1">
         <name>.debug_line</name>
         <load_address>0x1014</load_address>
         <run_address>0x1014</run_address>
         <size>0x16c</size>
         <input_file_ref idref="fl-10"/>
      </object_component>
      <object_component id="oc-2d5">
         <name>.debug_line</name>
         <load_address>0x1180</load_address>
         <run_address>0x1180</run_address>
         <size>0x8d</size>
         <input_file_ref idref="fl-10"/>
      </object_component>
      <object_component id="oc-2c9">
         <name>.debug_line</name>
         <load_address>0x120d</load_address>
         <run_address>0x120d</run_address>
         <size>0x74</size>
         <input_file_ref idref="fl-10"/>
      </object_component>
      <object_component id="oc-160">
         <name>.debug_line</name>
         <load_address>0x1281</load_address>
         <run_address>0x1281</run_address>
         <size>0xd5</size>
         <input_file_ref idref="fl-10"/>
      </object_component>
      <object_component id="oc-251">
         <name>.debug_line</name>
         <load_address>0x1356</load_address>
         <run_address>0x1356</run_address>
         <size>0x7f</size>
         <input_file_ref idref="fl-10"/>
      </object_component>
      <object_component id="oc-257">
         <name>.debug_line</name>
         <load_address>0x13d5</load_address>
         <run_address>0x13d5</run_address>
         <size>0x7f</size>
         <input_file_ref idref="fl-10"/>
      </object_component>
      <object_component id="oc-1df">
         <name>.debug_line</name>
         <load_address>0x1454</load_address>
         <run_address>0x1454</run_address>
         <size>0x78</size>
         <input_file_ref idref="fl-10"/>
      </object_component>
      <object_component id="oc-1fd">
         <name>.debug_line</name>
         <load_address>0x14cc</load_address>
         <run_address>0x14cc</run_address>
         <size>0x6a</size>
         <input_file_ref idref="fl-10"/>
      </object_component>
      <object_component id="oc-2cf">
         <name>.debug_line</name>
         <load_address>0x1536</load_address>
         <run_address>0x1536</run_address>
         <size>0x76</size>
         <input_file_ref idref="fl-10"/>
      </object_component>
      <object_component id="oc-2c3">
         <name>.debug_line</name>
         <load_address>0x15ac</load_address>
         <run_address>0x15ac</run_address>
         <size>0x74</size>
         <input_file_ref idref="fl-10"/>
      </object_component>
      <object_component id="oc-25a">
         <name>.debug_line</name>
         <load_address>0x1620</load_address>
         <run_address>0x1620</run_address>
         <size>0x6a</size>
         <input_file_ref idref="fl-10"/>
      </object_component>
      <object_component id="oc-266">
         <name>.debug_line</name>
         <load_address>0x168a</load_address>
         <run_address>0x168a</run_address>
         <size>0x7e</size>
         <input_file_ref idref="fl-10"/>
      </object_component>
      <object_component id="oc-260">
         <name>.debug_line</name>
         <load_address>0x1708</load_address>
         <run_address>0x1708</run_address>
         <size>0x7e</size>
         <input_file_ref idref="fl-10"/>
      </object_component>
      <object_component id="oc-273">
         <name>.debug_line</name>
         <load_address>0x1786</load_address>
         <run_address>0x1786</run_address>
         <size>0x8f</size>
         <input_file_ref idref="fl-10"/>
      </object_component>
      <object_component id="oc-26d">
         <name>.debug_line</name>
         <load_address>0x1815</load_address>
         <run_address>0x1815</run_address>
         <size>0x8f</size>
         <input_file_ref idref="fl-10"/>
      </object_component>
      <object_component id="oc-283">
         <name>.debug_line</name>
         <load_address>0x18a4</load_address>
         <run_address>0x18a4</run_address>
         <size>0xab</size>
         <input_file_ref idref="fl-10"/>
      </object_component>
      <object_component id="oc-286">
         <name>.debug_line</name>
         <load_address>0x194f</load_address>
         <run_address>0x194f</run_address>
         <size>0xab</size>
         <input_file_ref idref="fl-10"/>
      </object_component>
      <object_component id="oc-29c">
         <name>.debug_line</name>
         <load_address>0x19fa</load_address>
         <run_address>0x19fa</run_address>
         <size>0x53</size>
         <input_file_ref idref="fl-10"/>
      </object_component>
      <object_component id="oc-1f5">
         <name>.debug_line</name>
         <load_address>0x1a4d</load_address>
         <run_address>0x1a4d</run_address>
         <size>0x6e</size>
         <input_file_ref idref="fl-11"/>
      </object_component>
      <object_component id="oc-1d1">
         <name>.debug_line</name>
         <load_address>0x1abb</load_address>
         <run_address>0x1abb</run_address>
         <size>0x6e</size>
         <input_file_ref idref="fl-11"/>
      </object_component>
      <object_component id="oc-2bb">
         <name>.debug_line</name>
         <load_address>0x1b29</load_address>
         <run_address>0x1b29</run_address>
         <size>0x20</size>
         <input_file_ref idref="fl-12"/>
      </object_component>
      <object_component id="oc-1d6">
         <name>.debug_line</name>
         <load_address>0x1b49</load_address>
         <run_address>0x1b49</run_address>
         <size>0x92</size>
         <input_file_ref idref="fl-12"/>
      </object_component>
      <object_component id="oc-27a">
         <name>.debug_line</name>
         <load_address>0x1bdb</load_address>
         <run_address>0x1bdb</run_address>
         <size>0x6b</size>
         <input_file_ref idref="fl-12"/>
      </object_component>
      <object_component id="oc-204">
         <name>.debug_line</name>
         <load_address>0x1c46</load_address>
         <run_address>0x1c46</run_address>
         <size>0x56</size>
         <input_file_ref idref="fl-14"/>
      </object_component>
      <object_component id="oc-ec">
         <name>.debug_line</name>
         <load_address>0x1c9c</load_address>
         <run_address>0x1c9c</run_address>
         <size>0x9f</size>
         <input_file_ref idref="fl-14"/>
      </object_component>
      <object_component id="oc-13d">
         <name>.debug_line</name>
         <load_address>0x1d3b</load_address>
         <run_address>0x1d3b</run_address>
         <size>0x69</size>
         <input_file_ref idref="fl-14"/>
      </object_component>
      <object_component id="oc-be">
         <name>.debug_line</name>
         <load_address>0x1da4</load_address>
         <run_address>0x1da4</run_address>
         <size>0x8e</size>
         <input_file_ref idref="fl-14"/>
      </object_component>
      <object_component id="oc-217">
         <name>.debug_line</name>
         <load_address>0x1e32</load_address>
         <run_address>0x1e32</run_address>
         <size>0x51</size>
         <input_file_ref idref="fl-14"/>
      </object_component>
      <object_component id="oc-247">
         <name>.debug_line</name>
         <load_address>0x1e83</load_address>
         <run_address>0x1e83</run_address>
         <size>0x69</size>
         <input_file_ref idref="fl-15"/>
      </object_component>
      <object_component id="oc-1cd">
         <name>.debug_line</name>
         <load_address>0x1eec</load_address>
         <run_address>0x1eec</run_address>
         <size>0x69</size>
         <input_file_ref idref="fl-15"/>
      </object_component>
      <object_component id="oc-293">
         <name>.debug_line</name>
         <load_address>0x1f55</load_address>
         <run_address>0x1f55</run_address>
         <size>0x69</size>
         <input_file_ref idref="fl-15"/>
      </object_component>
      <object_component id="oc-e2">
         <name>.debug_line</name>
         <load_address>0x1fbe</load_address>
         <run_address>0x1fbe</run_address>
         <size>0x92</size>
         <input_file_ref idref="fl-cb"/>
      </object_component>
      <object_component id="oc-4b">
         <name>.debug_line</name>
         <load_address>0x2050</load_address>
         <run_address>0x2050</run_address>
         <size>0x53</size>
         <input_file_ref idref="fl-cb"/>
      </object_component>
      <object_component id="oc-90">
         <name>.debug_line</name>
         <load_address>0x20a3</load_address>
         <run_address>0x20a3</run_address>
         <size>0x34</size>
         <input_file_ref idref="fl-cb"/>
      </object_component>
      <object_component id="oc-df">
         <name>.debug_line</name>
         <load_address>0x20d7</load_address>
         <run_address>0x20d7</run_address>
         <size>0x92</size>
         <input_file_ref idref="fl-cb"/>
      </object_component>
      <object_component id="oc-8b">
         <name>.debug_line</name>
         <load_address>0x2169</load_address>
         <run_address>0x2169</run_address>
         <size>0x20</size>
         <input_file_ref idref="fl-cc"/>
      </object_component>
      <object_component id="oc-21">
         <name>.debug_line</name>
         <load_address>0x2189</load_address>
         <run_address>0x2189</run_address>
         <size>0x55</size>
         <input_file_ref idref="fl-cc"/>
      </object_component>
      <object_component id="oc-40">
         <name>.debug_line</name>
         <load_address>0x21de</load_address>
         <run_address>0x21de</run_address>
         <size>0x3a</size>
         <input_file_ref idref="fl-cc"/>
      </object_component>
      <object_component id="oc-88">
         <name>.debug_line</name>
         <load_address>0x2218</load_address>
         <run_address>0x2218</run_address>
         <size>0x92</size>
         <input_file_ref idref="fl-cc"/>
      </object_component>
      <object_component id="oc-db">
         <name>.debug_line</name>
         <load_address>0x22aa</load_address>
         <run_address>0x22aa</run_address>
         <size>0x20</size>
         <input_file_ref idref="fl-cd"/>
      </object_component>
      <object_component id="oc-1b">
         <name>.debug_line</name>
         <load_address>0x22ca</load_address>
         <run_address>0x22ca</run_address>
         <size>0xa9</size>
         <input_file_ref idref="fl-cd"/>
      </object_component>
      <object_component id="oc-30">
         <name>.debug_line</name>
         <load_address>0x2373</load_address>
         <run_address>0x2373</run_address>
         <size>0x3a</size>
         <input_file_ref idref="fl-cd"/>
      </object_component>
      <object_component id="oc-d8">
         <name>.debug_line</name>
         <load_address>0x23ad</load_address>
         <run_address>0x23ad</run_address>
         <size>0x9a</size>
         <input_file_ref idref="fl-cd"/>
      </object_component>
      <object_component id="oc-81">
         <name>.debug_line</name>
         <load_address>0x2447</load_address>
         <run_address>0x2447</run_address>
         <size>0x96</size>
         <input_file_ref idref="fl-cd"/>
      </object_component>
      <object_component id="oc-2b8">
         <name>.debug_line</name>
         <load_address>0x24dd</load_address>
         <run_address>0x24dd</run_address>
         <size>0x91</size>
         <input_file_ref idref="fl-ce"/>
      </object_component>
      <object_component id="oc-1c2">
         <name>.debug_line</name>
         <load_address>0x256e</load_address>
         <run_address>0x256e</run_address>
         <size>0x63</size>
         <input_file_ref idref="fl-ce"/>
      </object_component>
      <object_component id="oc-2e2">
         <name>.debug_line</name>
         <load_address>0x25d1</load_address>
         <run_address>0x25d1</run_address>
         <size>0x20</size>
         <input_file_ref idref="fl-cf"/>
      </object_component>
      <object_component id="oc-2b5">
         <name>.debug_line</name>
         <load_address>0x25f1</load_address>
         <run_address>0x25f1</run_address>
         <size>0x2b</size>
         <input_file_ref idref="fl-cf"/>
      </object_component>
      <object_component id="oc-241">
         <name>.debug_line</name>
         <load_address>0x261c</load_address>
         <run_address>0x261c</run_address>
         <size>0x20</size>
         <input_file_ref idref="fl-d0"/>
      </object_component>
      <object_component id="oc-15b">
         <name>.debug_line</name>
         <load_address>0x263c</load_address>
         <run_address>0x263c</run_address>
         <size>0xa8</size>
         <input_file_ref idref="fl-d0"/>
      </object_component>
      <object_component id="oc-7d">
         <name>.debug_line</name>
         <load_address>0x26e4</load_address>
         <run_address>0x26e4</run_address>
         <size>0x33</size>
         <input_file_ref idref="fl-d1"/>
      </object_component>
      <object_component id="oc-59">
         <name>.debug_line</name>
         <load_address>0x2717</load_address>
         <run_address>0x2717</run_address>
         <size>0x45</size>
         <input_file_ref idref="fl-d1"/>
      </object_component>
      <object_component id="oc-3b">
         <name>.debug_line</name>
         <load_address>0x275c</load_address>
         <run_address>0x275c</run_address>
         <size>0x88</size>
         <input_file_ref idref="fl-d2"/>
      </object_component>
      <object_component id="oc-97">
         <name>.debug_line</name>
         <load_address>0x27e4</load_address>
         <run_address>0x27e4</run_address>
         <size>0x79</size>
         <input_file_ref idref="fl-d3"/>
      </object_component>
      <object_component id="oc-228">
         <name>.debug_line</name>
         <load_address>0x285d</load_address>
         <run_address>0x285d</run_address>
         <size>0xbf</size>
         <input_file_ref idref="fl-d4"/>
      </object_component>
      <object_component id="oc-10a">
         <name>.debug_line</name>
         <load_address>0x291c</load_address>
         <run_address>0x291c</run_address>
         <size>0x6f</size>
         <input_file_ref idref="fl-d4"/>
      </object_component>
      <object_component id="oc-22c">
         <name>.debug_line</name>
         <load_address>0x298b</load_address>
         <run_address>0x298b</run_address>
         <size>0x2e</size>
         <input_file_ref idref="fl-d4"/>
      </object_component>
      <object_component id="oc-2a4">
         <name>.debug_line</name>
         <load_address>0x29b9</load_address>
         <run_address>0x29b9</run_address>
         <size>0x9a</size>
         <input_file_ref idref="fl-d4"/>
      </object_component>
      <object_component id="oc-231">
         <name>.debug_line</name>
         <load_address>0x2a53</load_address>
         <run_address>0x2a53</run_address>
         <size>0x97</size>
         <input_file_ref idref="fl-d4"/>
      </object_component>
      <object_component id="oc-236">
         <name>.debug_line</name>
         <load_address>0x2aea</load_address>
         <run_address>0x2aea</run_address>
         <size>0x93</size>
         <input_file_ref idref="fl-d4"/>
      </object_component>
      <object_component id="oc-9d">
         <name>.debug_line</name>
         <load_address>0x2b7d</load_address>
         <run_address>0x2b7d</run_address>
         <size>0x40</size>
         <input_file_ref idref="fl-d5"/>
      </object_component>
      <object_component id="oc-ff">
         <name>.debug_line</name>
         <load_address>0x2bbd</load_address>
         <run_address>0x2bbd</run_address>
         <size>0x3c</size>
         <input_file_ref idref="fl-d7"/>
      </object_component>
      <object_component id="oc-14f">
         <name>.debug_frame</name>
         <load_address>0x0</load_address>
         <run_address>0x0</run_address>
         <size>0x58</size>
         <input_file_ref idref="fl-2"/>
      </object_component>
      <object_component id="oc-154">
         <name>.debug_frame</name>
         <load_address>0x58</load_address>
         <run_address>0x58</run_address>
         <size>0x60</size>
         <input_file_ref idref="fl-2"/>
      </object_component>
      <object_component id="oc-c3">
         <name>.debug_frame</name>
         <load_address>0xb8</load_address>
         <run_address>0xb8</run_address>
         <size>0x60</size>
         <input_file_ref idref="fl-2"/>
      </object_component>
      <object_component id="oc-a3">
         <name>.debug_frame</name>
         <load_address>0x118</load_address>
         <run_address>0x118</run_address>
         <size>0x58</size>
         <input_file_ref idref="fl-2"/>
      </object_component>
      <object_component id="oc-77">
         <name>.debug_frame</name>
         <load_address>0x170</load_address>
         <run_address>0x170</run_address>
         <size>0x58</size>
         <input_file_ref idref="fl-2"/>
      </object_component>
      <object_component id="oc-b5">
         <name>.debug_frame</name>
         <load_address>0x1c8</load_address>
         <run_address>0x1c8</run_address>
         <size>0x54</size>
         <input_file_ref idref="fl-3"/>
      </object_component>
      <object_component id="oc-6c">
         <name>.debug_frame</name>
         <load_address>0x21c</load_address>
         <run_address>0x21c</run_address>
         <size>0x58</size>
         <input_file_ref idref="fl-4"/>
      </object_component>
      <object_component id="oc-72">
         <name>.debug_frame</name>
         <load_address>0x274</load_address>
         <run_address>0x274</run_address>
         <size>0x54</size>
         <input_file_ref idref="fl-4"/>
      </object_component>
      <object_component id="oc-ea">
         <name>.debug_frame</name>
         <load_address>0x2c8</load_address>
         <run_address>0x2c8</run_address>
         <size>0x58</size>
         <input_file_ref idref="fl-f"/>
      </object_component>
      <object_component id="oc-1e6">
         <name>.debug_frame</name>
         <load_address>0x320</load_address>
         <run_address>0x320</run_address>
         <size>0x60</size>
         <input_file_ref idref="fl-10"/>
      </object_component>
      <object_component id="oc-1ec">
         <name>.debug_frame</name>
         <load_address>0x380</load_address>
         <run_address>0x380</run_address>
         <size>0x60</size>
         <input_file_ref idref="fl-10"/>
      </object_component>
      <object_component id="oc-1f2">
         <name>.debug_frame</name>
         <load_address>0x3e0</load_address>
         <run_address>0x3e0</run_address>
         <size>0x60</size>
         <input_file_ref idref="fl-10"/>
      </object_component>
      <object_component id="oc-2d6">
         <name>.debug_frame</name>
         <load_address>0x440</load_address>
         <run_address>0x440</run_address>
         <size>0x58</size>
         <input_file_ref idref="fl-10"/>
      </object_component>
      <object_component id="oc-2ca">
         <name>.debug_frame</name>
         <load_address>0x498</load_address>
         <run_address>0x498</run_address>
         <size>0x58</size>
         <input_file_ref idref="fl-10"/>
      </object_component>
      <object_component id="oc-161">
         <name>.debug_frame</name>
         <load_address>0x4f0</load_address>
         <run_address>0x4f0</run_address>
         <size>0x60</size>
         <input_file_ref idref="fl-10"/>
      </object_component>
      <object_component id="oc-252">
         <name>.debug_frame</name>
         <load_address>0x550</load_address>
         <run_address>0x550</run_address>
         <size>0x58</size>
         <input_file_ref idref="fl-10"/>
      </object_component>
      <object_component id="oc-258">
         <name>.debug_frame</name>
         <load_address>0x5a8</load_address>
         <run_address>0x5a8</run_address>
         <size>0x58</size>
         <input_file_ref idref="fl-10"/>
      </object_component>
      <object_component id="oc-1e0">
         <name>.debug_frame</name>
         <load_address>0x600</load_address>
         <run_address>0x600</run_address>
         <size>0x58</size>
         <input_file_ref idref="fl-10"/>
      </object_component>
      <object_component id="oc-1fe">
         <name>.debug_frame</name>
         <load_address>0x658</load_address>
         <run_address>0x658</run_address>
         <size>0x54</size>
         <input_file_ref idref="fl-10"/>
[...]
      </symbol>
      <symbol id="sm-8">
         <name>binit</name>
         <value>0xffffffff</value>
      </symbol>
      <symbol id="sm-9">
         <name>__binit__</name>
         <value>0xffffffff</value>
      </symbol>
      <symbol id="sm-a">
         <name>__STACK_SIZE</name>
         <value>0x200</value>
      </symbol>
      <symbol id="sm-b">
         <name>__STACK_END</name>
         <value>0x20010000</value>
      </symbol>
      <symbol id="sm-c">
         <name>__c_args__</name>
         <value>0xffffffff</value>
      </symbol>
      <symbol id="sm-d">
         <name>__TI_pprof_out_hndl</name>
         <value>0xffffffff</value>
      </symbol>
      <symbol id="sm-e">
         <name>__TI_prof_data_start</name>
         <value>0xffffffff</value>
      </symbol>
      <symbol id="sm-f">
         <name>__TI_prof_data_size</name>
         <value>0xffffffff</value>
      </symbol>
      <symbol id="sm-104">
         <name>dictionary</name>
         <value>0x2000bb80</value>
      </symbol>
      <symbol id="sm-105">
         <name>base</name>
         <value>0x2000be18</value>
      </symbol>
      <symbol id="sm-106">
         <name>data</name>
         <value>0x20007d00</value>
      </symbol>
      <symbol id="sm-107">
         <name>word</name>
         <value>0x2000be00</value>
      </symbol>
      <symbol id="sm-108">
         <name>image</name>
         <value>0x20009c40</value>
      </symbol>
      <symbol id="sm-109">
         <name>imageType</name>
         <value>0x2000be10</value>
      </symbol>
      <symbol id="sm-10a">
         <name>imageSizeTemp</name>
         <value>0x2000be0c</value>
      </symbol>
      <symbol id="sm-10b">
         <name>imageWidthTemp</name>
         <value>0x2000be14</value>
      </symbol>
      <symbol id="sm-10c">
         <name>imageHeightTemp</name>
         <value>0x2000be08</value>
      </symbol>
      <symbol id="sm-10d">
         <name>imageArray</name>
         <value>0x20000000</value>
      </symbol>
      <symbol id="sm-10e">
         <name>contentFlag</name>
         <value>0x2000be68</value>
         <object_component_ref idref="oc-162"/>
      </symbol>
      <symbol id="sm-10f">
         <name>uartConfig</name>
         <value>0x191c</value>
         <object_component_ref idref="oc-f1"/>
      </symbol>
      <symbol id="sm-110">
         <name>wordIndex</name>
         <value>0x2000be6c</value>
         <object_component_ref idref="oc-162"/>
      </symbol>
      <symbol id="sm-111">
         <name>tail</name>
         <value>0x2000be64</value>
         <object_component_ref idref="oc-162"/>
      </symbol>
      <symbol id="sm-112">
         <name>imageHeightTempIndex</name>
         <value>0x2000be88</value>
         <object_component_ref idref="oc-162"/>
      </symbol>
      <symbol id="sm-113">
         <name>dictionaryIndex</name>
         <value>0x2000be5c</value>
         <object_component_ref idref="oc-162"/>
      </symbol>
      <symbol id="sm-114">
         <name>imageSizeTempIndex</name>
         <value>0x2000be78</value>
         <object_component_ref idref="oc-162"/>
      </symbol>
      <symbol id="sm-115">
         <name>main</name>
         <value>0x10b1</value>
         <object_component_ref idref="oc-9f"/>
      </symbol>
      <symbol id="sm-116">
         <name>head</name>
         <value>0x2000be60</value>
         <object_component_ref idref="oc-162"/>
      </symbol>
      <symbol id="sm-117">
         <name>imageSize</name>
         <value>0x2000be7c</value>
         <object_component_ref idref="oc-162"/>
      </symbol>
      <symbol id="sm-118">
         <name>imageIndex</name>
         <value>0x2000be70</value>
         <object_component_ref idref="oc-162"/>
      </symbol>
      <symbol id="sm-119">
         <name>imageTypeIndex</name>
         <value>0x2000be74</value>
         <object_component_ref idref="oc-162"/>
      </symbol>
      <symbol id="sm-11a">
         <name>EUSCIA0_IRQHandler</name>
         <value>0x15a1</value>
         <object_component_ref idref="oc-73"/>
      </symbol>
      <symbol id="sm-11b">
         <name>imageHeight</name>
         <value>0x2000be8c</value>
         <object_component_ref idref="oc-162"/>
      </symbol>
      <symbol id="sm-11c">
         <name>imageArrayIndex</name>
         <value>0x2000be90</value>
         <object_component_ref idref="oc-162"/>
      </symbol>
      <symbol id="sm-11d">
         <name>writeToBuffer</name>
         <value>0x1739</value>
         <object_component_ref idref="oc-14a"/>
      </symbol>
      <symbol id="sm-11e">
         <name>imageWidthTempIndex</name>
         <value>0x2000be80</value>
         <object_component_ref idref="oc-162"/>
      </symbol>
      <symbol id="sm-11f">
         <name>readFromBuffer</name>
         <value>0xe5</value>
         <object_component_ref idref="oc-150"/>
      </symbol>
      <symbol id="sm-120">
         <name>processItem</name>
         <value>0x361</value>
         <object_component_ref idref="oc-bf"/>
      </symbol>
      <symbol id="sm-121">
         <name>imageWidth</name>
         <value>0x2000be84</value>
         <object_component_ref idref="oc-162"/>
      </symbol>
      <symbol id="sm-139">
         <name>SystemInit</name>
         <value>0x1331</value>
         <object_component_ref idref="oc-b1"/>
      </symbol>
      <symbol id="sm-155">
         <name>Reset_Handler</name>
         <value>0x17e1</value>
         <object_component_ref idref="oc-67"/>
      </symbol>
      <symbol id="sm-156">
         <name>Default_Handler</name>
         <value>0x8d7</value>
         <object_component_ref idref="oc-6d"/>
      </symbol>
      <symbol id="sm-157">
         <name>interruptVectors</name>
         <value>0x0</value>
         <object_component_ref idref="oc-26"/>
      </symbol>
      <symbol id="sm-18b">
         <name>CS_setDCOCenteredFrequency</name>
         <value>0x16d1</value>
         <object_component_ref idref="oc-e5"/>
      </symbol>
      <symbol id="sm-305">
         <name>__FlashCtl_remaskBurstDataPre</name>
         <value>0x8d9</value>
         <object_component_ref idref="oc-27f"/>
      </symbol>
      <symbol id="sm-306">
         <name>FlashCtl_getInterruptStatus</name>
         <value>0x17d5</value>
         <object_component_ref idref="oc-259"/>
      </symbol>
      <symbol id="sm-307">
         <name>FlashCtl_clearProgramVerification</name>
         <value>0x1475</value>
         <object_component_ref idref="oc-253"/>
      </symbol>
      <symbol id="sm-308">
         <name>__FlashCtl_remaskData32Pre</name>
         <value>0xc59</value>
         <object_component_ref idref="oc-26c"/>
      </symbol>
      <symbol id="sm-309">
         <name>FlashCtl_enableWordProgramming</name>
         <value>0x1629</value>
         <object_component_ref idref="oc-1db"/>
      </symbol>
      <symbol id="sm-30a">
         <name>__FlashCtl_remaskBurstDataPost</name>
         <value>0xa0d</value>
         <object_component_ref idref="oc-285"/>
      </symbol>
      <symbol id="sm-30b">
         <name>FlashCtl_getReadMode</name>
         <value>0x1661</value>
         <object_component_ref idref="oc-2c5"/>
      </symbol>
      <symbol id="sm-30c">
         <name>FlashCtl_setProgramVerification</name>
         <value>0x14c1</value>
         <object_component_ref idref="oc-24d"/>
      </symbol>
      <symbol id="sm-30d">
         <name>FlashCtl_setWaitState</name>
         <value>0x1559</value>
         <object_component_ref idref="oc-2cb"/>
      </symbol>
      <symbol id="sm-30e">
         <name>__FlashCtl_remaskData8Pre</name>
         <value>0x1025</value>
         <object_component_ref idref="oc-25f"/>
      </symbol>
      <symbol id="sm-30f">
         <name>__FlashCtl_remaskData8Post</name>
         <value>0x1139</value>
         <object_component_ref idref="oc-265"/>
      </symbol>
      <symbol id="sm-310">
         <name>FlashCtl_disableWordProgramming</name>
         <value>0x17c9</value>
         <object_component_ref idref="oc-1f9"/>
      </symbol>
      <symbol id="sm-311">
         <name>__FlashCtl_remaskData32Post</name>
         <value>0xd31</value>
         <object_component_ref idref="oc-272"/>
      </symbol>
      <symbol id="sm-312">
         <name>FlashCtl_setReadMode</name>
         <value>0x12b9</value>
         <object_component_ref idref="oc-2d1"/>
      </symbol>
      <symbol id="sm-313">
         <name>FlashCtl_getWaitState</name>
         <value>0x1699</value>
         <object_component_ref idref="oc-2bf"/>
      </symbol>
      <symbol id="sm-314">
         <name>FlashCtl_programMemory</name>
         <value>0x775</value>
         <object_component_ref idref="oc-15c"/>
      </symbol>
      <symbol id="sm-328">
         <name>Interrupt_disableMaster</name>
         <value>0x1781</value>
         <object_component_ref idref="oc-1cf"/>
      </symbol>
      <symbol id="sm-329">
         <name>Interrupt_enableMaster</name>
         <value>0x1791</value>
         <object_component_ref idref="oc-1f3"/>
      </symbol>
      <symbol id="sm-349">
         <name>SysCtl_getFlashSize</name>
         <value>0x17ed</value>
         <object_component_ref idref="oc-279"/>
      </symbol>
      <symbol id="sm-34a">
         <name>SysCtl_getTLVInfo</name>
         <value>0x11bd</value>
         <object_component_ref idref="oc-1d5"/>
      </symbol>
      <symbol id="sm-383">
         <name>UART_getEnabledInterruptStatus</name>
         <value>0x1411</value>
         <object_component_ref idref="oc-b9"/>
      </symbol>
      <symbol id="sm-384">
         <name>UART_getInterruptStatus</name>
         <value>0x1755</value>
         <object_component_ref idref="oc-139"/>
      </symbol>
      <symbol id="sm-385">
         <name>UART_initModule</name>
         <value>0xb3d</value>
         <object_component_ref idref="oc-eb"/>
      </symbol>
      <symbol id="sm-39f">
         <name>CPU_cpsie</name>
         <value>0x17bb</value>
         <object_component_ref idref="oc-28f"/>
      </symbol>
      <symbol id="sm-3a0">
         <name>CPU_cpsid</name>
         <value>0x17af</value>
         <object_component_ref idref="oc-243"/>
      </symbol>
      <symbol id="sm-3a1">
         <name>CPU_primask</name>
         <value>0x1805</value>
         <object_component_ref idref="oc-1c9"/>
      </symbol>
      <symbol id="sm-3b8">
         <name>__TI_zero_init</name>
         <value>0x17f9</value>
         <object_component_ref idref="oc-49"/>
      </symbol>
      <symbol id="sm-3cf">
         <name>__TI_decompress_none</name>
         <value>0x17a1</value>
         <object_component_ref idref="oc-1d"/>
      </symbol>
      <symbol id="sm-3f2">
         <name>__TI_decompress_lzss</name>
         <value>0x13a9</value>
         <object_component_ref idref="oc-17"/>
      </symbol>
      <symbol id="sm-408">
         <name>atoi</name>
         <value>0x150d</value>
         <object_component_ref idref="oc-1c0"/>
      </symbol>
      <symbol id="sm-413">
         <name>_ctypes_</name>
         <value>0x1818</value>
         <object_component_ref idref="oc-23b"/>
      </symbol>
      <symbol id="sm-421">
         <name>strcpy</name>
         <value>0x176d</value>
         <object_component_ref idref="oc-156"/>
      </symbol>
      <symbol id="sm-434">
         <name>__stack</name>
         <value>0x2000fe00</value>
         <object_component_ref idref="oc-29"/>
      </symbol>
      <symbol id="sm-435">
         <name>_c_int00_noargs</name>
         <value>0x1705</value>
         <object_component_ref idref="oc-55"/>
      </symbol>
      <symbol id="sm-450">
         <name>memcpy</name>
         <value>0xf89</value>
         <object_component_ref idref="oc-37"/>
      </symbol>
      <symbol id="sm-451">
         <name>__aeabi_memcpy</name>
         <value>0xf89</value>
         <object_component_ref idref="oc-37"/>
      </symbol>
      <symbol id="sm-452">
         <name>__aeabi_memcpy8</name>
         <value>0xf89</value>
         <object_component_ref idref="oc-37"/>
      </symbol>
      <symbol id="sm-453">
         <name>__aeabi_memcpy4</name>
         <value>0xf89</value>
         <object_component_ref idref="oc-37"/>
      </symbol>
      <symbol id="sm-462">
         <name>__aeabi_memset</name>
         <value>0x123f</value>
         <object_component_ref idref="oc-93"/>
      </symbol>
      <symbol id="sm-463">
         <name>memset</name>
         <value>0x1245</value>
         <object_component_ref idref="oc-93"/>
      </symbol>
      <symbol id="sm-464">
         <name>__aeabi_memset8</name>
         <value>0x123f</value>
         <object_component_ref idref="oc-93"/>
      </symbol>
      <symbol id="sm-465">
         <name>__aeabi_memset4</name>
         <value>0x123f</value>
         <object_component_ref idref="oc-93"/>
      </symbol>
      <symbol id="sm-466">
         <name>__aeabi_memclr8</name>
         <value>0x123d</value>
         <object_component_ref idref="oc-93"/>
      </symbol>
      <symbol id="sm-467">
         <name>__aeabi_memclr4</name>
         <value>0x123d</value>
         <object_component_ref idref="oc-93"/>
      </symbol>
      <symbol id="sm-468">
         <name>__aeabi_memclr</name>
         <value>0x123d</value>
         <object_component_ref idref="oc-93"/>
      </symbol>
      <symbol id="sm-490">
         <name>__TI_auto_init_nobinit_nopinit</name>
         <value>0x15e5</value>
         <object_component_ref idref="oc-106"/>
      </symbol>
      <symbol id="sm-49a">
         <name>_system_pre_init</name>
         <value>0x180f</value>
         <object_component_ref idref="oc-99"/>
      </symbol>
      <symbol id="sm-4a6">
         <name>C$$EXIT</name>
         <value>0x1813</value>
         <object_component_ref idref="oc-fa"/>
      </symbol>
      <symbol id="sm-4a7">
         <name>abort</name>
         <value>0x1813</value>
         <object_component_ref idref="oc-fa"/>
      </symbol>
      <symbol id="sm-4aa">
         <name>__TI_static_base__</name>
         <value>0x0</value>
      </symbol>
      <symbol id="sm-4ad">
         <name>__mpu_init</name>
         <value>0x0</value>
      </symbol>
      <symbol id="sm-4ae">
         <name>_system_post_cinit</name>
         <value>0x0</value>
      </symbol>
      <symbol id="sm-4af">
         <name>NMI_Handler</name>
         <value>0x8d7</value>
      </symbol>
      <symbol id="sm-4b0">
         <name>HardFault_Handler</name>
         <value>0x8d7</value>
      </symbol>
      <symbol id="sm-4b1">
         <name>MemManage_Handler</name>
         <value>0x8d7</value>
      </symbol>
      <symbol id="sm-4b2">
         <name>BusFault_Handler</name>
         <value>0x8d7</value>
      </symbol>
      <symbol id="sm-4b3">
         <name>UsageFault_Handler</name>
         <value>0x8d7</value>
      </symbol>
      <symbol id="sm-4b4">
         <name>SVC_Handler</name>
         <value>0x8d7</value>
      </symbol>
      <symbol id="sm-4b5">
         <name>DebugMon_Handler</name>
         <value>0x8d7</value>
      </symbol>
      <symbol id="sm-4b6">
         <name>PendSV_Handler</name>
         <value>0x8d7</value>
      </symbol>
      <symbol id="sm-4b7">
         <name>SysTick_Handler</name>
         <value>0x8d7</value>
      </symbol>
      <symbol id="sm-4b8">
         <name>PSS_IRQHandler</name>
         <value>0x8d7</value>
      </symbol>
      <symbol id="sm-4b9">
         <name>CS_IRQHandler</name>
         <value>0x8d7</value>
      </symbol>
      <symbol id="sm-4ba">
         <name>PCM_IRQHandler</name>
         <value>0x8d7</value>
      </symbol>
      <symbol id="sm-4bb">
         <name>WDT_A_IRQHandler</name>
         <value>0x8d7</value>
      </symbol>
      <symbol id="sm-4bc">
         <name>FPU_IRQHandler</name>
         <value>0x8d7</value>
      </symbol>
      <symbol id="sm-4bd">
         <name>FLCTL_IRQHandler</name>
         <value>0x8d7</value>
      </symbol>
      <symbol id="sm-4be">
         <name>COMP_E0_IRQHandler</name>
         <value>0x8d7</value>
      </symbol>
      <symbol id="sm-4bf">
         <name>COMP_E1_IRQHandler</name>
         <value>0x8d7</value>
      </symbol>
      <symbol id="sm-4c0">
         <name>TA0_0_IRQHandler</name>
         <value>0x8d7</value>
      </symbol>
      <symbol id="sm-4c1">
         <name>TA0_N_IRQHandler</name>
         <value>0x8d7</value>
      </symbol>
      <symbol id="sm-4c2">
         <name>TA1_0_IRQHandler</name>
         <value>0x8d7</value>
      </symbol>
      <symbol id="sm-4c3">
         <name>TA1_N_IRQHandler</name>
         <value>0x8d7</value>
      </symbol>
      <symbol id="sm-4c4">
         <name>TA2_0_IRQHandler</name>
         <value>0x8d7</value>
      </symbol>
      <symbol id="sm-4c5">
         <name>TA2_N_IRQHandler</name>
         <value>0x8d7</value>
      </symbol>
      <symbol id="sm-4c6">
         <name>TA3_0_IRQHandler</name>
         <value>0x8d7</value>
      </symbol>
      <symbol id="sm-4c7">
         <name>TA3_N_IRQHandler</name>
         <value>0x8d7</value>
      </symbol>
      <symbol id="sm-4c8">
         <name>EUSCIA0_IRQHandler</name>
         <value>0x15a1</value>
      </symbol>
      <symbol id="sm-4c9">
         <name>EUSCIA1_IRQHandler</name>
         <value>0x8d7</value>
      </symbol>
      <symbol id="sm-4ca">
         <name>EUSCIA2_IRQHandler</name>
         <value>0x8d7</value>
      </symbol>
      <symbol id="sm-4cb">
         <name>EUSCIA3_IRQHandler</name>
         <value>0x8d7</value>
      </symbol>
      <symbol id="sm-4cc">
         <name>EUSCIB0_IRQHandler</name>
         <value>0x8d7</value>
      </symbol>
      <symbol id="sm-4cd">
         <name>EUSCIB1_IRQHandler</name>
         <value>0x8d7</value>
      </symbol>
      <symbol id="sm-4ce">
         <name>EUSCIB2_IRQHandler</name>
         <value>0x8d7</value>
      </symbol>
      <symbol id="sm-4cf">
         <name>EUSCIB3_IRQHandler</name>
         <value>0x8d7</value>
      </symbol>
      <symbol id="sm-4d0">
         <name>ADC14_IRQHandler</name>
         <value>0x8d7</value>
      </symbol>
      <symbol id="sm-4d1">
         <name>T32_INT1_IRQHandler</name>
         <value>0x8d7</value>
      </symbol>
      <symbol id="sm-4d2">
         <name>T32_INT2_IRQHandler</name>
         <value>0x8d7</value>
      </symbol>
      <symbol id="sm-4d3">
         <name>T32_INTC_IRQHandler</name>
         <value>0x8d7</value>
      </symbol>
      <symbol id="sm-4d4">
         <name>AES256_IRQHandler</name>
         <value>0x8d7</value>
      </symbol>
      <symbol id="sm-4d5">
         <name>RTC_C_IRQHandler</name>
         <value>0x8d7</value>
      </symbol>
      <symbol id="sm-4d6">
         <name>DMA_ERR_IRQHandler</name>
         <value>0x8d7</value>
      </symbol>
      <symbol id="sm-4d7">
         <name>DMA_INT3_IRQHandler</name>
         <value>0x8d7</value>
      </symbol>
      <symbol id="sm-4d8">
         <name>DMA_INT2_IRQHandler</name>
         <value>0x8d7</value>
      </symbol>
      <symbol id="sm-4d9">
         <name>DMA_INT1_IRQHandler</name>
         <value>0x8d7</value>
      </symbol>
      <symbol id="sm-4da">
         <name>DMA_INT0_IRQHandler</name>
         <value>0x8d7</value>
      </symbol>
      <symbol id="sm-4db">
         <name>PORT1_IRQHandler</name>
         <value>0x8d7</value>
      </symbol>
      <symbol id="sm-4dc">
         <name>PORT2_IRQHandler</name>
         <value>0x8d7</value>
      </symbol>
      <symbol id="sm-4dd">
         <name>PORT3_IRQHandler</name>
         <value>0x8d7</value>
      </symbol>
      <symbol id="sm-4de">
         <name>PORT4_IRQHandler</name>
         <value>0x8d7</value>
      </symbol>
      <symbol id="sm-4df">
         <name>PORT5_IRQHandler</name>
         <value>0x8d7</value>
      </symbol>
      <symbol id="sm-4e0">
         <name>PORT6_IRQHandler</name>
         <value>0x8d7</value>
      </symbol>
   </symbol_table>
   <title>Link successful</title>
</link_info>
